Archive member included to satisfy reference by file (symbol)

C:\Users\Craig\workspace\sensor_node\sensortime911_hal_lib\Debug\libsensortime911_hal_lib.a(stm32f0xx_hal.o)
                              src/stm32f0xx_it.o (HAL_IncTick)
C:\Users\Craig\workspace\sensor_node\sensortime911_hal_lib\Debug\libsensortime911_hal_lib.a(stm32f0xx_hal_adc.o)
                              src/main.o (HAL_ADC_Init)
C:\Users\Craig\workspace\sensor_node\sensortime911_hal_lib\Debug\libsensortime911_hal_lib.a(stm32f0xx_hal_cortex.o)
                              src/main.o (HAL_NVIC_SetPriority)
C:\Users\Craig\workspace\sensor_node\sensortime911_hal_lib\Debug\libsensortime911_hal_lib.a(stm32f0xx_hal_dma.o)
                              C:\Users\Craig\workspace\sensor_node\sensortime911_hal_lib\Debug\libsensortime911_hal_lib.a(stm32f0xx_hal_adc.o) (HAL_DMA_Start_IT)
C:\Users\Craig\workspace\sensor_node\sensortime911_hal_lib\Debug\libsensortime911_hal_lib.a(stm32f0xx_hal_gpio.o)
                              src/main.o (HAL_GPIO_Init)
C:\Users\Craig\workspace\sensor_node\sensortime911_hal_lib\Debug\libsensortime911_hal_lib.a(stm32f0xx_hal_rcc.o)
                              C:\Users\Craig\workspace\sensor_node\sensortime911_hal_lib\Debug\libsensortime911_hal_lib.a(stm32f0xx_hal.o) (HAL_RCC_GetHCLKFreq)
C:\Users\Craig\workspace\sensor_node\sensortime911_hal_lib\Debug\libsensortime911_hal_lib.a(stm32f0xx_hal_tim.o)
                              src/main.o (HAL_TIM_Base_Init)
C:\Users\Craig\workspace\sensor_node\sensortime911_hal_lib\Debug\libsensortime911_hal_lib.a(stm32f0xx_hal_tim_ex.o)
                              C:\Users\Craig\workspace\sensor_node\sensortime911_hal_lib\Debug\libsensortime911_hal_lib.a(stm32f0xx_hal_tim.o) (TIMEx_DMACommutationCplt)
c:/ac6/systemworkbench/plugins/fr.ac6.mcu.externaltools.arm-none.win32_1.13.2.201703061525/tools/compiler/bin/../lib/gcc/arm-none-eabi/5.4.1/armv6-m\libgcc.a(_udivsi3.o)
                              src/system_stm32f0xx.o (__aeabi_uidiv)
c:/ac6/systemworkbench/plugins/fr.ac6.mcu.externaltools.arm-none.win32_1.13.2.201703061525/tools/compiler/bin/../lib/gcc/arm-none-eabi/5.4.1/armv6-m\libgcc.a(_dvmd_tls.o)
                              c:/ac6/systemworkbench/plugins/fr.ac6.mcu.externaltools.arm-none.win32_1.13.2.201703061525/tools/compiler/bin/../lib/gcc/arm-none-eabi/5.4.1/armv6-m\libgcc.a(_udivsi3.o) (__aeabi_idiv0)
c:/ac6/systemworkbench/plugins/fr.ac6.mcu.externaltools.arm-none.win32_1.13.2.201703061525/tools/compiler/bin/../lib/gcc/arm-none-eabi/5.4.1/../../../../arm-none-eabi/lib/armv6-m\libc.a(lib_a-errno.o)
                              src/syscalls.o (__errno)
c:/ac6/systemworkbench/plugins/fr.ac6.mcu.externaltools.arm-none.win32_1.13.2.201703061525/tools/compiler/bin/../lib/gcc/arm-none-eabi/5.4.1/../../../../arm-none-eabi/lib/armv6-m\libc.a(lib_a-exit.o)
                              c:/ac6/systemworkbench/plugins/fr.ac6.mcu.externaltools.arm-none.win32_1.13.2.201703061525/tools/compiler/bin/../lib/gcc/arm-none-eabi/5.4.1/../../../../arm-none-eabi/lib/armv6-m/crt0.o (exit)
c:/ac6/systemworkbench/plugins/fr.ac6.mcu.externaltools.arm-none.win32_1.13.2.201703061525/tools/compiler/bin/../lib/gcc/arm-none-eabi/5.4.1/../../../../arm-none-eabi/lib/armv6-m\libc.a(lib_a-impure.o)
                              c:/ac6/systemworkbench/plugins/fr.ac6.mcu.externaltools.arm-none.win32_1.13.2.201703061525/tools/compiler/bin/../lib/gcc/arm-none-eabi/5.4.1/../../../../arm-none-eabi/lib/armv6-m\libc.a(lib_a-exit.o) (_global_impure_ptr)
c:/ac6/systemworkbench/plugins/fr.ac6.mcu.externaltools.arm-none.win32_1.13.2.201703061525/tools/compiler/bin/../lib/gcc/arm-none-eabi/5.4.1/../../../../arm-none-eabi/lib/armv6-m\libc.a(lib_a-init.o)
                              c:/ac6/systemworkbench/plugins/fr.ac6.mcu.externaltools.arm-none.win32_1.13.2.201703061525/tools/compiler/bin/../lib/gcc/arm-none-eabi/5.4.1/../../../../arm-none-eabi/lib/armv6-m/crt0.o (__libc_init_array)
c:/ac6/systemworkbench/plugins/fr.ac6.mcu.externaltools.arm-none.win32_1.13.2.201703061525/tools/compiler/bin/../lib/gcc/arm-none-eabi/5.4.1/../../../../arm-none-eabi/lib/armv6-m\libc.a(lib_a-memcpy-stub.o)
                              C:\Users\Craig\workspace\sensor_node\sensortime911_hal_lib\Debug\libsensortime911_hal_lib.a(stm32f0xx_hal_rcc.o) (memcpy)
c:/ac6/systemworkbench/plugins/fr.ac6.mcu.externaltools.arm-none.win32_1.13.2.201703061525/tools/compiler/bin/../lib/gcc/arm-none-eabi/5.4.1/../../../../arm-none-eabi/lib/armv6-m\libc.a(lib_a-memset.o)
                              c:/ac6/systemworkbench/plugins/fr.ac6.mcu.externaltools.arm-none.win32_1.13.2.201703061525/tools/compiler/bin/../lib/gcc/arm-none-eabi/5.4.1/../../../../arm-none-eabi/lib/armv6-m/crt0.o (memset)
c:/ac6/systemworkbench/plugins/fr.ac6.mcu.externaltools.arm-none.win32_1.13.2.201703061525/tools/compiler/bin/../lib/gcc/arm-none-eabi/5.4.1/../../../../arm-none-eabi/lib/armv6-m\libc.a(lib_a-__call_atexit.o)
[...]
Memory Configuration

Name             Origin             Length             Attributes
RAM              0x20000000         0x00001800         xrw
ROM              0x08000000         0x00008000         xr
*default*        0x00000000         0xffffffff

Linker script and memory map

LOAD c:/ac6/systemworkbench/plugins/fr.ac6.mcu.externaltools.arm-none.win32_1.13.2.201703061525/tools/compiler/bin/../lib/gcc/arm-none-eabi/5.4.1/armv6-m/crti.o
LOAD c:/ac6/systemworkbench/plugins/fr.ac6.mcu.externaltools.arm-none.win32_1.13.2.201703061525/tools/compiler/bin/../lib/gcc/arm-none-eabi/5.4.1/armv6-m/crtbegin.o
LOAD c:/ac6/systemworkbench/plugins/fr.ac6.mcu.externaltools.arm-none.win32_1.13.2.201703061525/tools/compiler/bin/../lib/gcc/arm-none-eabi/5.4.1/../../../../arm-none-eabi/lib/armv6-m/crt0.o
LOAD c:/ac6/systemworkbench/plugins/fr.ac6.mcu.externaltools.arm-none.win32_1.13.2.201703061525/tools/compiler/bin/../lib/gcc/arm-none-eabi/5.4.1/../../../../arm-none-eabi/lib/armv6-m\libm.a
LOAD src/main.o
LOAD src/stm32f0xx_it.o
LOAD src/syscalls.o
LOAD src/system_stm32f0xx.o
LOAD startup/startup_stm32.o
LOAD C:\Users\Craig\workspace\sensor_node\sensortime911_hal_lib\Debug\libsensortime911_hal_lib.a
START GROUP
LOAD c:/ac6/systemworkbench/plugins/fr.ac6.mcu.externaltools.arm-none.win32_1.13.2.201703061525/tools/compiler/bin/../lib/gcc/arm-none-eabi/5.4.1/armv6-m\libgcc.a
LOAD c:/ac6/systemworkbench/plugins/fr.ac6.mcu.externaltools.arm-none.win32_1.13.2.201703061525/tools/compiler/bin/../lib/gcc/arm-none-eabi/5.4.1/../../../../arm-none-eabi/lib/armv6-m\libc.a
END GROUP
LOAD c:/ac6/systemworkbench/plugins/fr.ac6.mcu.externaltools.arm-none.win32_1.13.2.201703061525/tools/compiler/bin/../lib/gcc/arm-none-eabi/5.4.1/armv6-m/crtend.o
LOAD c:/ac6/systemworkbench/plugins/fr.ac6.mcu.externaltools.arm-none.win32_1.13.2.201703061525/tools/compiler/bin/../lib/gcc/arm-none-eabi/5.4.1/armv6-m/crtn.o
                0x20001800                _estack = 0x20001800
                0x00000000                _Min_Heap_Size = 0x0
                0x00000400                _Min_Stack_Size = 0x400

.isr_vector     0x08000000      0x188
                0x08000000                . = ALIGN (0x4)
 *(.isr_vector)
 .isr_vector    0x08000000      0x188 startup/startup_stm32.o
                0x08000000                g_pfnVectors
                0x08000188                . = ALIGN (0x4)

.text           0x08000188     0x1414
                0x08000188                . = ALIGN (0x4)
 *(.text)
 .text          0x08000188       0x60 c:/ac6/systemworkbench/plugins/fr.ac6.mcu.externaltools.arm-none.win32_1.13.2.201703061525/tools/compiler/bin/../lib/gcc/arm-none-eabi/5.4.1/armv6-m/crtbegin.o
 .text          0x080001e8      0x114 c:/ac6/systemworkbench/plugins/fr.ac6.mcu.externaltools.arm-none.win32_1.13.2.201703061525/tools/compiler/bin/../lib/gcc/arm-none-eabi/5.4.1/armv6-m\libgcc.a(_udivsi3.o)
                0x080001e8                __aeabi_uidiv
                0x080001e8                __udivsi3
                0x080002f4                __aeabi_uidivmod
 .text          0x080002fc        0x4 c:/ac6/systemworkbench/plugins/fr.ac6.mcu.externaltools.arm-none.win32_1.13.2.201703061525/tools/compiler/bin/../lib/gcc/arm-none-eabi/5.4.1/armv6-m\libgcc.a(_dvmd_tls.o)
                0x080002fc                __aeabi_idiv0
                0x080002fc                __aeabi_ldiv0
 *(.text*)
 .text.main     0x08000300       0x78 src/main.o
                0x08000300                main
 .text.run_fast_function
                0x08000378        0xc src/main.o
 .text.timer_init
                0x08000384       0x4c src/main.o
 .text.init_gpio
                0x080003d0       0x64 src/main.o
 .text.ms_loop  0x08000434       0x44 src/main.o
 .text.peri_clk_int
                0x08000478       0x80 src/main.o
 .text.hw_init  0x080004f8       0x1c src/main.o
 .text.adc_channel_init
                0x08000514       0x7c src/main.o
 .text.SysTick_Handler
                0x08000590       0x14 src/stm32f0xx_it.o
                0x08000590                SysTick_Handler
 .text.SystemInit
                0x080005a4       0x88 src/system_stm32f0xx.o
                0x080005a4                SystemInit
 .text.Reset_Handler
                0x0800062c       0x48 startup/startup_stm32.o
                0x0800062c                Reset_Handler
 .text.Default_Handler
                0x08000674        0x2 startup/startup_stm32.o
                0x08000674                DebugMon_Handler
                0x08000674                HardFault_Handler
                0x08000674                PendSV_Handler
                0x08000674                NMI_Handler
                0x08000674                UsageFault_Handler
                0x08000674                Default_Handler
                0x08000674                MemManage_Handler
                0x08000674                SVC_Handler
                0x08000674                BusFault_Handler
 *fill*         0x08000676        0x2 
 .text.HAL_IncTick
                0x08000678       0x18 C:\Users\Craig\workspace\sensor_node\sensortime911_hal_lib\Debug\libsensortime911_hal_lib.a(stm32f0xx_hal.o)
                0x08000678                HAL_IncTick
 .text.HAL_GetTick
                0x08000690       0x14 C:\Users\Craig\workspace\sensor_node\sensortime911_hal_lib\Debug\libsensortime911_hal_lib.a(stm32f0xx_hal.o)
                0x08000690                HAL_GetTick
 .text.HAL_ADC_Init
                0x080006a4      0x274 C:\Users\Craig\workspace\sensor_node\sensortime911_hal_lib\Debug\libsensortime911_hal_lib.a(stm32f0xx_hal_adc.o)
                0x080006a4                HAL_ADC_Init
 .text.HAL_ADC_MspInit
                0x08000918       0x10 C:\Users\Craig\workspace\sensor_node\sensortime911_hal_lib\Debug\libsensortime911_hal_lib.a(stm32f0xx_hal_adc.o)
                0x08000918                HAL_ADC_MspInit
 .text.HAL_ADC_Start
                0x08000928       0xa8 C:\Users\Craig\workspace\sensor_node\sensortime911_hal_lib\Debug\libsensortime911_hal_lib.a(stm32f0xx_hal_adc.o)
                0x08000928                HAL_ADC_Start
 .text.HAL_ADC_PollForConversion
                0x080009d0      0x120 C:\Users\Craig\workspace\sensor_node\sensortime911_hal_lib\Debug\libsensortime911_hal_lib.a(stm32f0xx_hal_adc.o)
                0x080009d0                HAL_ADC_PollForConversion
 .text.HAL_ADC_GetValue
                0x08000af0       0x18 C:\Users\Craig\workspace\sensor_node\sensortime911_hal_lib\Debug\libsensortime911_hal_lib.a(stm32f0xx_hal_adc.o)
                0x08000af0                HAL_ADC_GetValue
 .text.HAL_ADC_ConfigChannel
                0x08000b08      0x21c C:\Users\Craig\workspace\sensor_node\sensortime911_hal_lib\Debug\libsensortime911_hal_lib.a(stm32f0xx_hal_adc.o)
                0x08000b08                HAL_ADC_ConfigChannel
 .text.ADC_Enable
                0x08000d24       0xf0 C:\Users\Craig\workspace\sensor_node\sensortime911_hal_lib\Debug\libsensortime911_hal_lib.a(stm32f0xx_hal_adc.o)
 .text.NVIC_EnableIRQ
                0x08000e14       0x2c C:\Users\Craig\workspace\sensor_node\sensortime911_hal_lib\Debug\libsensortime911_hal_lib.a(stm32f0xx_hal_cortex.o)
 .text.NVIC_SetPriority
                0x08000e40       0xdc C:\Users\Craig\workspace\sensor_node\sensortime911_hal_lib\Debug\libsensortime911_hal_lib.a(stm32f0xx_hal_cortex.o)
 .text.HAL_NVIC_SetPriority
                0x08000f1c       0x2c C:\Users\Craig\workspace\sensor_node\sensortime911_hal_lib\Debug\libsensortime911_hal_lib.a(stm32f0xx_hal_cortex.o)
                0x08000f1c                HAL_NVIC_SetPriority
 .text.HAL_NVIC_EnableIRQ
                0x08000f48       0x20 C:\Users\Craig\workspace\sensor_node\sensortime911_hal_lib\Debug\libsensortime911_hal_lib.a(stm32f0xx_hal_cortex.o)
                0x08000f48                HAL_NVIC_EnableIRQ
 .text.HAL_SYSTICK_IRQHandler
                0x08000f68       0x10 C:\Users\Craig\workspace\sensor_node\sensortime911_hal_lib\Debug\libsensortime911_hal_lib.a(stm32f0xx_hal_cortex.o)
                0x08000f68                HAL_SYSTICK_IRQHandler
 .text.HAL_SYSTICK_Callback
                0x08000f78        0xc C:\Users\Craig\workspace\sensor_node\sensortime911_hal_lib\Debug\libsensortime911_hal_lib.a(stm32f0xx_hal_cortex.o)
                0x08000f78                HAL_SYSTICK_Callback
 .text.HAL_GPIO_Init
                0x08000f84      0x2d8 C:\Users\Craig\workspace\sensor_node\sensortime911_hal_lib\Debug\libsensortime911_hal_lib.a(stm32f0xx_hal_gpio.o)
                0x08000f84                HAL_GPIO_Init
 .text.HAL_GPIO_TogglePin
                0x0800125c       0x24 C:\Users\Craig\workspace\sensor_node\sensortime911_hal_lib\Debug\libsensortime911_hal_lib.a(stm32f0xx_hal_gpio.o)
                0x0800125c                HAL_GPIO_TogglePin
 .text.HAL_TIM_Base_Init
                0x08001280       0x58 C:\Users\Craig\workspace\sensor_node\sensortime911_hal_lib\Debug\libsensortime911_hal_lib.a(stm32f0xx_hal_tim.o)
                0x08001280                HAL_TIM_Base_Init
 .text.HAL_TIM_Base_MspInit
                0x080012d8       0x10 C:\Users\Craig\workspace\sensor_node\sensortime911_hal_lib\Debug\libsensortime911_hal_lib.a(stm32f0xx_hal_tim.o)
                0x080012d8                HAL_TIM_Base_MspInit
 .text.HAL_TIM_Base_Start_IT
                0x080012e8       0x34 C:\Users\Craig\workspace\sensor_node\sensortime911_hal_lib\Debug\libsensortime911_hal_lib.a(stm32f0xx_hal_tim.o)
                0x080012e8                HAL_TIM_Base_Start_IT
 .text.TIM_Base_SetConfig
                0x0800131c       0xf0 C:\Users\Craig\workspace\sensor_node\sensortime911_hal_lib\Debug\libsensortime911_hal_lib.a(stm32f0xx_hal_tim.o)
                0x0800131c                TIM_Base_SetConfig
 .text.__libc_init_array
                0x0800140c       0x48 c:/ac6/systemworkbench/plugins/fr.ac6.mcu.externaltools.arm-none.win32_1.13.2.201703061525/tools/compiler/bin/../lib/gcc/arm-none-eabi/5.4.1/../../../../arm-none-eabi/lib/armv6-m\libc.a(lib_a-init.o)
                0x0800140c                __libc_init_array
 .text.startup.register_fini
                0x08001454       0x18 c:/ac6/systemworkbench/plugins/fr.ac6.mcu.externaltools.arm-none.win32_1.13.2.201703061525/tools/compiler/bin/../lib/gcc/arm-none-eabi/5.4.1/../../../../arm-none-eabi/lib/armv6-m\libc.a(lib_a-__call_atexit.o)
 .text.atexit   0x0800146c       0x10 c:/ac6/systemworkbench/plugins/fr.ac6.mcu.externaltools.arm-none.win32_1.13.2.201703061525/tools/compiler/bin/../lib/gcc/arm-none-eabi/5.4.1/../../../../arm-none-eabi/lib/armv6-m\libc.a(lib_a-atexit.o)
                0x0800146c                atexit
 .text.__libc_fini_array
                0x0800147c       0x34 c:/ac6/systemworkbench/plugins/fr.ac6.mcu.externaltools.arm-none.win32_1.13.2.201703061525/tools/compiler/bin/../lib/gcc/arm-none-eabi/5.4.1/../../../../arm-none-eabi/lib/armv6-m\libc.a(lib_a-fini.o)
                0x0800147c                __libc_fini_array
 .text.__register_exitproc
                0x080014b0       0xd4 c:/ac6/systemworkbench/plugins/fr.ac6.mcu.externaltools.arm-none.win32_1.13.2.201703061525/tools/compiler/bin/../lib/gcc/arm-none-eabi/5.4.1/../../../../arm-none-eabi/lib/armv6-m\libc.a(lib_a-__atexit.o)
                0x080014b0                __register_exitproc
 *(.glue_7)
 .glue_7        0x08001584        0x0 linker stubs
 *(.glue_7t)
 .glue_7t       0x08001584        0x0 linker stubs
 *(.eh_frame)
 .eh_frame      0x08001584        0x0 c:/ac6/systemworkbench/plugins/fr.ac6.mcu.externaltools.arm-none.win32_1.13.2.201703061525/tools/compiler/bin/../lib/gcc/arm-none-eabi/5.4.1/armv6-m/crtbegin.o
 *(.init)
 .init          0x08001584        0x4 c:/ac6/systemworkbench/plugins/fr.ac6.mcu.externaltools.arm-none.win32_1.13.2.201703061525/tools/compiler/bin/../lib/gcc/arm-none-eabi/5.4.1/armv6-m/crti.o
                0x08001584                _init
 .init          0x08001588        0x8 c:/ac6/systemworkbench/plugins/fr.ac6.mcu.externaltools.arm-none.win32_1.13.2.201703061525/tools/compiler/bin/../lib/gcc/arm-none-eabi/5.4.1/armv6-m/crtn.o
 *(.fini)
 .fini          0x08001590        0x4 c:/ac6/systemworkbench/plugins/fr.ac6.mcu.externaltools.arm-none.win32_1.13.2.201703061525/tools/compiler/bin/../lib/gcc/arm-none-eabi/5.4.1/armv6-m/crti.o
                0x08001590                _fini
 .fini          0x08001594        0x8 c:/ac6/systemworkbench/plugins/fr.ac6.mcu.externaltools.arm-none.win32_1.13.2.201703061525/tools/compiler/bin/../lib/gcc/arm-none-eabi/5.4.1/armv6-m/crtn.o
                0x0800159c                . = ALIGN (0x4)
                0x0800159c                _etext = .

.vfp11_veneer   0x0800159c        0x0
 .vfp11_veneer  0x0800159c        0x0 linker stubs

.v4_bx          0x0800159c        0x0
 .v4_bx         0x0800159c        0x0 linker stubs

.iplt           0x0800159c        0x0
 .iplt          0x0800159c        0x0 c:/ac6/systemworkbench/plugins/fr.ac6.mcu.externaltools.arm-none.win32_1.13.2.201703061525/tools/compiler/bin/../lib/gcc/arm-none-eabi/5.4.1/armv6-m/crtbegin.o

.rodata         0x0800159c        0x4
                0x0800159c                . = ALIGN (0x4)
 *(.rodata)
 *(.rodata*)
 .rodata._global_impure_ptr
                0x0800159c        0x4 c:/ac6/systemworkbench/plugins/fr.ac6.mcu.externaltools.arm-none.win32_1.13.2.201703061525/tools/compiler/bin/../lib/gcc/arm-none-eabi/5.4.1/../../../../arm-none-eabi/lib/armv6-m\libc.a(lib_a-impure.o)
                0x0800159c                _global_impure_ptr
                0x080015a0                . = ALIGN (0x4)

.rel.dyn        0x080015a0        0x0
 .rel.iplt      0x080015a0        0x0 c:/ac6/systemworkbench/plugins/fr.ac6.mcu.externaltools.arm-none.win32_1.13.2.201703061525/tools/compiler/bin/../lib/gcc/arm-none-eabi/5.4.1/armv6-m/crtbegin.o

.ARM.extab      0x080015a0        0x0
                0x080015a0                . = ALIGN (0x4)
 *(.ARM.extab* .gnu.linkonce.armextab.*)
                0x080015a0                . = ALIGN (0x4)

.ARM            0x080015a0        0x0
                0x080015a0                . = ALIGN (0x4)
                0x080015a0                __exidx_start = .
 *(.ARM.exidx*)
                0x080015a0                __exidx_end = .
                0x080015a0                . = ALIGN (0x4)

.preinit_array  0x080015a0        0x0
                0x080015a0                . = ALIGN (0x4)
                0x080015a0                PROVIDE (__preinit_array_start, .)
 *(.preinit_array*)
                0x080015a0                PROVIDE (__preinit_array_end, .)
                0x080015a0                . = ALIGN (0x4)

.init_array     0x080015a0        0x8
                0x080015a0                . = ALIGN (0x4)
                0x080015a0                PROVIDE (__init_array_start, .)
 *(SORT(.init_array.*))
 .init_array.00000
                0x080015a0        0x4 c:/ac6/systemworkbench/plugins/fr.ac6.mcu.externaltools.arm-none.win32_1.13.2.201703061525/tools/compiler/bin/../lib/gcc/arm-none-eabi/5.4.1/../../../../arm-none-eabi/lib/armv6-m\libc.a(lib_a-__call_atexit.o)
 *(.init_array*)
 .init_array    0x080015a4        0x4 c:/ac6/systemworkbench/plugins/fr.ac6.mcu.externaltools.arm-none.win32_1.13.2.201703061525/tools/compiler/bin/../lib/gcc/arm-none-eabi/5.4.1/armv6-m/crtbegin.o
                0x080015a8                PROVIDE (__init_array_end, .)
                0x080015a8                . = ALIGN (0x4)

.fini_array     0x080015a8        0x4
                0x080015a8                . = ALIGN (0x4)
                0x080015a8                PROVIDE (__fini_array_start, .)
 *(SORT(.fini_array.*))
 *(.fini_array*)
 .fini_array    0x080015a8        0x4 c:/ac6/systemworkbench/plugins/fr.ac6.mcu.externaltools.arm-none.win32_1.13.2.201703061525/tools/compiler/bin/../lib/gcc/arm-none-eabi/5.4.1/armv6-m/crtbegin.o
                0x080015ac                PROVIDE (__fini_array_end, .)
                0x080015ac                . = ALIGN (0x4)
                0x080015ac                _sidata = LOADADDR (.data)

.data           0x20000000      0x430 load address 0x080015ac
                0x20000000                . = ALIGN (0x4)
                0x20000000                _sdata = .
 *(.data)
 .data          0x20000000        0x4 src/system_stm32f0xx.o
                0x20000000                SystemCoreClock
 *(.data*)
 *fill*         0x20000004        0x4 
 .data.impure_data
                0x20000008      0x428 c:/ac6/systemworkbench/plugins/fr.ac6.mcu.externaltools.arm-none.win32_1.13.2.201703061525/tools/compiler/bin/../lib/gcc/arm-none-eabi/5.4.1/../../../../arm-none-eabi/lib/armv6-m\libc.a(lib_a-impure.o)
                0x20000430                . = ALIGN (0x4)
                0x20000430                _edata = .

.jcr            0x20000430        0x0 load address 0x080019dc
 .jcr           0x20000430        0x0 c:/ac6/systemworkbench/plugins/fr.ac6.mcu.externaltools.arm-none.win32_1.13.2.201703061525/tools/compiler/bin/../lib/gcc/arm-none-eabi/5.4.1/armv6-m/crtbegin.o

.igot.plt       0x20000430        0x0 load address 0x080019dc
 .igot.plt      0x20000430        0x0 c:/ac6/systemworkbench/plugins/fr.ac6.mcu.externaltools.arm-none.win32_1.13.2.201703061525/tools/compiler/bin/../lib/gcc/arm-none-eabi/5.4.1/armv6-m/crtbegin.o
                0x20000430                . = ALIGN (0x4)

.bss            0x20000430       0xc0 load address 0x080019dc
                0x20000430                _sbss = .
                0x20000430                __bss_start__ = _sbss
 *(.bss)
 .bss           0x20000430       0x1c c:/ac6/systemworkbench/plugins/fr.ac6.mcu.externaltools.arm-none.win32_1.13.2.201703061525/tools/compiler/bin/../lib/gcc/arm-none-eabi/5.4.1/armv6-m/crtbegin.o
 .bss           0x2000044c       0x9d src/main.o
 *(.bss*)
 *(COMMON)
 *fill*         0x200004e9        0x3 
 COMMON         0x200004ec        0x4 C:\Users\Craig\workspace\sensor_node\sensortime911_hal_lib\Debug\libsensortime911_hal_lib.a(stm32f0xx_hal.o)
                0x200004ec                uwTick
                0x200004f0                . = ALIGN (0x4)
                0x200004f0                _ebss = .
                0x200004f0                __bss_end__ = _ebss

._user_heap_stack
                0x200004f0      0x400 load address 0x080019dc
                0x200004f0                . = ALIGN (0x8)
                0x200004f0                PROVIDE (end, .)
                [!provide]                PROVIDE (_end, .)
                0x200004f0                . = (. + _Min_Heap_Size)
                0x200008f0                . = (. + _Min_Stack_Size)
 *fill*         0x200004f0      0x400 
                0x200008f0                . = ALIGN (0x8)

/DISCARD/
 libc.a(*)
 libm.a(*)
 libgcc.a(*)

.ARM.attributes
                0x00000000       0x28
 *(.ARM.attributes)
 .ARM.attributes
                0x00000000       0x1e c:/ac6/systemworkbench/plugins/fr.ac6.mcu.externaltools.arm-none.win32_1.13.2.201703061525/tools/compiler/bin/../lib/gcc/arm-none-eabi/5.4.1/armv6-m/crti.o
 .ARM.attributes
                0x0000001e       0x2c c:/ac6/systemworkbench/plugins/fr.ac6.mcu.externaltools.arm-none.win32_1.13.2.201703061525/tools/compiler/bin/../lib/gcc/arm-none-eabi/5.4.1/armv6-m/crtbegin.o
 .ARM.attributes
                0x0000004a       0x31 src/main.o
 .ARM.attributes
                0x0000007b       0x31 src/stm32f0xx_it.o
 .ARM.attributes
                0x000000ac       0x31 src/system_stm32f0xx.o
 .ARM.attributes
                0x000000dd       0x21 startup/startup_stm32.o
 .ARM.attributes
                0x000000fe       0x31 C:\Users\Craig\workspace\sensor_node\sensortime911_hal_lib\Debug\libsensortime911_hal_lib.a(stm32f0xx_hal.o)
 .ARM.attributes
                0x0000012f       0x31 C:\Users\Craig\workspace\sensor_node\sensortime911_hal_lib\Debug\libsensortime911_hal_lib.a(stm32f0xx_hal_adc.o)
 .ARM.attributes
                0x00000160       0x31 C:\Users\Craig\workspace\sensor_node\sensortime911_hal_lib\Debug\libsensortime911_hal_lib.a(stm32f0xx_hal_cortex.o)
 .ARM.attributes
                0x00000191       0x31 C:\Users\Craig\workspace\sensor_node\sensortime911_hal_lib\Debug\libsensortime911_hal_lib.a(stm32f0xx_hal_gpio.o)
 .ARM.attributes
                0x000001c2       0x31 C:\Users\Craig\workspace\sensor_node\sensortime911_hal_lib\Debug\libsensortime911_hal_lib.a(stm32f0xx_hal_tim.o)
 .ARM.attributes
                0x000001f3       0x1e c:/ac6/systemworkbench/plugins/fr.ac6.mcu.externaltools.arm-none.win32_1.13.2.201703061525/tools/compiler/bin/../lib/gcc/arm-none-eabi/5.4.1/armv6-m\libgcc.a(_udivsi3.o)
 .ARM.attributes
                0x00000211       0x1e c:/ac6/systemworkbench/plugins/fr.ac6.mcu.externaltools.arm-none.win32_1.13.2.201703061525/tools/compiler/bin/../lib/gcc/arm-none-eabi/5.4.1/armv6-m\libgcc.a(_dvmd_tls.o)
 .ARM.attributes
                0x0000022f       0x2c c:/ac6/systemworkbench/plugins/fr.ac6.mcu.externaltools.arm-none.win32_1.13.2.201703061525/tools/compiler/bin/../lib/gcc/arm-none-eabi/5.4.1/../../../../arm-none-eabi/lib/armv6-m\libc.a(lib_a-impure.o)
 .ARM.attributes
                0x0000025b       0x2c c:/ac6/systemworkbench/plugins/fr.ac6.mcu.externaltools.arm-none.win32_1.13.2.201703061525/tools/compiler/bin/../lib/gcc/arm-none-eabi/5.4.1/../../../../arm-none-eabi/lib/armv6-m\libc.a(lib_a-init.o)
 .ARM.attributes
                0x00000287       0x2c c:/ac6/systemworkbench/plugins/fr.ac6.mcu.externaltools.arm-none.win32_1.13.2.201703061525/tools/compiler/bin/../lib/gcc/arm-none-eabi/5.4.1/../../../../arm-none-eabi/lib/armv6-m\libc.a(lib_a-__call_atexit.o)
 .ARM.attributes
                0x000002b3       0x2c c:/ac6/systemworkbench/plugins/fr.ac6.mcu.externaltools.arm-none.win32_1.13.2.201703061525/tools/compiler/bin/../lib/gcc/arm-none-eabi/5.4.1/../../../../arm-none-eabi/lib/armv6-m\libc.a(lib_a-atexit.o)
 .ARM.attributes
                0x000002df       0x2c c:/ac6/systemworkbench/plugins/fr.ac6.mcu.externaltools.arm-none.win32_1.13.2.201703061525/tools/compiler/bin/../lib/gcc/arm-none-eabi/5.4.1/../../../../arm-none-eabi/lib/armv6-m\libc.a(lib_a-fini.o)
 .ARM.attributes
                0x0000030b       0x2c c:/ac6/systemworkbench/plugins/fr.ac6.mcu.externaltools.arm-none.win32_1.13.2.201703061525/tools/compiler/bin/../lib/gcc/arm-none-eabi/5.4.1/../../../../arm-none-eabi/lib/armv6-m\libc.a(lib_a-__atexit.o)
 .ARM.attributes
                0x00000337       0x1e c:/ac6/systemworkbench/plugins/fr.ac6.mcu.externaltools.arm-none.win32_1.13.2.201703061525/tools/compiler/bin/../lib/gcc/arm-none-eabi/5.4.1/armv6-m/crtn.o
OUTPUT(sensor_node.elf elf32-littlearm)

.debug_info     0x00000000     0x4e52
 .debug_info    0x00000000      0xc0f src/main.o
 .debug_info    0x00000c0f       0x96 src/stm32f0xx_it.o
 .debug_info    0x00000ca5      0x247 src/system_stm32f0xx.o
 .debug_info    0x00000eec       0x76 startup/startup_stm32.o
 .debug_info    0x00000f62      0x518 C:\Users\Craig\workspace\sensor_node\sensortime911_hal_lib\Debug\libsensortime911_hal_lib.a(stm32f0xx_hal.o)
 .debug_info    0x0000147a      0xbf7 C:\Users\Craig\workspace\sensor_node\sensortime911_hal_lib\Debug\libsensortime911_hal_lib.a(stm32f0xx_hal_adc.o)
 .debug_info    0x00002071      0x6c1 C:\Users\Craig\workspace\sensor_node\sensortime911_hal_lib\Debug\libsensortime911_hal_lib.a(stm32f0xx_hal_cortex.o)
 .debug_info    0x00002732      0x5e1 C:\Users\Craig\workspace\sensor_node\sensortime911_hal_lib\Debug\libsensortime911_hal_lib.a(stm32f0xx_hal_gpio.o)
 .debug_info    0x00002d13     0x213f C:\Users\Craig\workspace\sensor_node\sensortime911_hal_lib\Debug\libsensortime911_hal_lib.a(stm32f0xx_hal_tim.o)

.debug_abbrev   0x00000000      0xc81
 .debug_abbrev  0x00000000      0x1ef src/main.o
 .debug_abbrev  0x000001ef       0x45 src/stm32f0xx_it.o
 .debug_abbrev  0x00000234       0xf3 src/system_stm32f0xx.o
 .debug_abbrev  0x00000327       0x12 startup/startup_stm32.o
 .debug_abbrev  0x00000339      0x179 C:\Users\Craig\workspace\sensor_node\sensortime911_hal_lib\Debug\libsensortime911_hal_lib.a(stm32f0xx_hal.o)
 .debug_abbrev  0x000004b2      0x1d3 C:\Users\Craig\workspace\sensor_node\sensortime911_hal_lib\Debug\libsensortime911_hal_lib.a(stm32f0xx_hal_adc.o)
 .debug_abbrev  0x00000685      0x234 C:\Users\Craig\workspace\sensor_node\sensortime911_hal_lib\Debug\libsensortime911_hal_lib.a(stm32f0xx_hal_cortex.o)
 .debug_abbrev  0x000008b9      0x1b6 C:\Users\Craig\workspace\sensor_node\sensortime911_hal_lib\Debug\libsensortime911_hal_lib.a(stm32f0xx_hal_gpio.o)
 .debug_abbrev  0x00000a6f      0x212 C:\Users\Craig\workspace\sensor_node\sensortime911_hal_lib\Debug\libsensortime911_hal_lib.a(stm32f0xx_hal_tim.o)

.debug_aranges  0x00000000      0x6f0
 .debug_aranges
                0x00000000       0x68 src/main.o
 .debug_aranges
                0x00000068       0x20 src/stm32f0xx_it.o
 .debug_aranges
                0x00000088       0x28 src/system_stm32f0xx.o
 .debug_aranges
                0x000000b0       0x28 startup/startup_stm32.o
 .debug_aranges
                0x000000d8       0xa0 C:\Users\Craig\workspace\sensor_node\sensortime911_hal_lib\Debug\libsensortime911_hal_lib.a(stm32f0xx_hal.o)
 .debug_aranges
                0x00000178       0xf8 C:\Users\Craig\workspace\sensor_node\sensortime911_hal_lib\Debug\libsensortime911_hal_lib.a(stm32f0xx_hal_adc.o)
 .debug_aranges
                0x00000270       0xc0 C:\Users\Craig\workspace\sensor_node\sensortime911_hal_lib\Debug\libsensortime911_hal_lib.a(stm32f0xx_hal_cortex.o)
 .debug_aranges
                0x00000330       0x58 C:\Users\Craig\workspace\sensor_node\sensortime911_hal_lib\Debug\libsensortime911_hal_lib.a(stm32f0xx_hal_gpio.o)
 .debug_aranges
                0x00000388      0x368 C:\Users\Craig\workspace\sensor_node\sensortime911_hal_lib\Debug\libsensortime911_hal_lib.a(stm32f0xx_hal_tim.o)

.debug_ranges   0x00000000      0x668
 .debug_ranges  0x00000000       0x58 src/main.o
 .debug_ranges  0x00000058       0x10 src/stm32f0xx_it.o
 .debug_ranges  0x00000068       0x18 src/system_stm32f0xx.o
 .debug_ranges  0x00000080       0x20 startup/startup_stm32.o
 .debug_ranges  0x000000a0       0x90 C:\Users\Craig\workspace\sensor_node\sensortime911_hal_lib\Debug\libsensortime911_hal_lib.a(stm32f0xx_hal.o)
 .debug_ranges  0x00000130       0xe8 C:\Users\Craig\workspace\sensor_node\sensortime911_hal_lib\Debug\libsensortime911_hal_lib.a(stm32f0xx_hal_adc.o)
 .debug_ranges  0x00000218       0xb0 C:\Users\Craig\workspace\sensor_node\sensortime911_hal_lib\Debug\libsensortime911_hal_lib.a(stm32f0xx_hal_cortex.o)
 .debug_ranges  0x000002c8       0x48 C:\Users\Craig\workspace\sensor_node\sensortime911_hal_lib\Debug\libsensortime911_hal_lib.a(stm32f0xx_hal_gpio.o)
 .debug_ranges  0x00000310      0x358 C:\Users\Craig\workspace\sensor_node\sensortime911_hal_lib\Debug\libsensortime911_hal_lib.a(stm32f0xx_hal_tim.o)

.debug_macro    0x00000000    0x1bdcd
 .debug_macro   0x00000000      0x40a src/main.o
 .debug_macro   0x0000040a      0x83e src/main.o
 .debug_macro   0x00000c48       0x28 src/main.o
 .debug_macro   0x00000c70       0x22 src/main.o
 .debug_macro   0x00000c92       0x22 src/main.o
 .debug_macro   0x00000cb4       0x87 src/main.o
 .debug_macro   0x00000d3b       0x44 src/main.o
 .debug_macro   0x00000d7f       0xfd src/main.o
 .debug_macro   0x00000e7c       0x5e src/main.o
 .debug_macro   0x00000eda      0x1df src/main.o
 .debug_macro   0x000010b9       0x34 src/main.o
 .debug_macro   0x000010ed       0x26 src/main.o
 .debug_macro   0x00001113      0x30d src/main.o
 .debug_macro   0x00001420     0xf081 src/main.o
 .debug_macro   0x000104a1       0x3c src/main.o
 .debug_macro   0x000104dd      0x110 src/main.o
 .debug_macro   0x000105ed     0x3408 src/main.o
 .debug_macro   0x000139f5       0x52 src/main.o
 .debug_macro   0x00013a47       0x35 src/main.o
 .debug_macro   0x00013a7c       0x9c src/main.o
 .debug_macro   0x00013b18       0x16 src/main.o
 .debug_macro   0x00013b2e       0x97 src/main.o
 .debug_macro   0x00013bc5      0x30d src/main.o
 .debug_macro   0x00013ed2       0xfd src/main.o
 .debug_macro   0x00013fcf       0x10 src/main.o
 .debug_macro   0x00013fdf       0x52 src/main.o
 .debug_macro   0x00014031       0x1f src/main.o
 .debug_macro   0x00014050       0x43 src/main.o
 .debug_macro   0x00014093       0x20 src/main.o
 .debug_macro   0x000140b3      0x187 src/main.o
 .debug_macro   0x0001423a       0x10 src/main.o
 .debug_macro   0x0001424a       0x1c src/main.o
 .debug_macro   0x00014266       0x52 src/main.o
 .debug_macro   0x000142b8       0x40 src/main.o
 .debug_macro   0x000142f8       0x10 src/main.o
 .debug_macro   0x00014308       0x40 src/main.o
 .debug_macro   0x00014348       0xd7 src/main.o
 .debug_macro   0x0001441f       0x16 src/main.o
 .debug_macro   0x00014435      0x18b src/main.o
 .debug_macro   0x000145c0       0x50 src/main.o
 .debug_macro   0x00014610      0x953 src/main.o
 .debug_macro   0x00014f63      0x46b src/main.o
 .debug_macro   0x000153ce      0x13a src/main.o
 .debug_macro   0x00015508      0x130 src/main.o
 .debug_macro   0x00015638      0x1ed src/main.o
 .debug_macro   0x00015825       0x34 src/main.o
 .debug_macro   0x00015859       0x43 src/main.o
 .debug_macro   0x0001589c       0x29 src/main.o
 .debug_macro   0x000158c5      0x344 src/main.o
 .debug_macro   0x00015c09       0xd0 src/main.o
 .debug_macro   0x00015cd9      0x360 src/main.o
 .debug_macro   0x00016039      0x2e2 src/main.o
 .debug_macro   0x0001631b       0x81 src/main.o
 .debug_macro   0x0001639c       0x5a src/main.o
 .debug_macro   0x000163f6       0x12 src/main.o
 .debug_macro   0x00016408       0xb6 src/main.o
 .debug_macro   0x000164be      0x182 src/main.o
 .debug_macro   0x00016640      0x202 src/main.o
 .debug_macro   0x00016842       0x61 src/main.o
 .debug_macro   0x000168a3       0x90 src/main.o
 .debug_macro   0x00016933      0x1a0 src/main.o
 .debug_macro   0x00016ad3      0x264 src/main.o
 .debug_macro   0x00016d37       0x30 src/main.o
 .debug_macro   0x00016d67       0x87 src/main.o
 .debug_macro   0x00016dee      0x265 src/main.o
 .debug_macro   0x00017053       0x4d src/main.o
 .debug_macro   0x000170a0      0x161 src/main.o
 .debug_macro   0x00017201      0x2e2 src/main.o
 .debug_macro   0x000174e3      0x2cd src/main.o
 .debug_macro   0x000177b0       0xdd src/main.o
 .debug_macro   0x0001788d      0x391 src/main.o
 .debug_macro   0x00017c1e       0x10 src/main.o
 .debug_macro   0x00017c2e      0x32c src/main.o
 .debug_macro   0x00017f5a      0x2e2 src/main.o
 .debug_macro   0x0001823c      0x837 src/main.o
 .debug_macro   0x00018a73       0x47 src/main.o
 .debug_macro   0x00018aba      0x46a src/main.o
 .debug_macro   0x00018f24      0x38a src/main.o
 .debug_macro   0x000192ae      0x209 src/main.o
 .debug_macro   0x000194b7      0x1df src/main.o
 .debug_macro   0x00019696       0x99 src/main.o
 .debug_macro   0x0001972f       0x89 src/main.o
 .debug_macro   0x000197b8      0x127 src/main.o
 .debug_macro   0x000198df      0x410 src/stm32f0xx_it.o
 .debug_macro   0x00019cef      0x406 src/system_stm32f0xx.o
 .debug_macro   0x0001a0f5      0x42a C:\Users\Craig\workspace\sensor_node\sensortime911_hal_lib\Debug\libsensortime911_hal_lib.a(stm32f0xx_hal.o)
 .debug_macro   0x0001a51f      0x838 C:\Users\Craig\workspace\sensor_node\sensortime911_hal_lib\Debug\libsensortime911_hal_lib.a(stm32f0xx_hal.o)
 .debug_macro   0x0001ad57      0x42a C:\Users\Craig\workspace\sensor_node\sensortime911_hal_lib\Debug\libsensortime911_hal_lib.a(stm32f0xx_hal_adc.o)
 .debug_macro   0x0001b181      0x406 C:\Users\Craig\workspace\sensor_node\sensortime911_hal_lib\Debug\libsensortime911_hal_lib.a(stm32f0xx_hal_cortex.o)
 .debug_macro   0x0001b587      0x43f C:\Users\Craig\workspace\sensor_node\sensortime911_hal_lib\Debug\libsensortime911_hal_lib.a(stm32f0xx_hal_gpio.o)
 .debug_macro   0x0001b9c6      0x407 C:\Users\Craig\workspace\sensor_node\sensortime911_hal_lib\Debug\libsensortime911_hal_lib.a(stm32f0xx_hal_tim.o)

.debug_line     0x00000000     0x6d3d
 .debug_line    0x00000000      0xab0 src/main.o
 .debug_line    0x00000ab0      0xa29 src/stm32f0xx_it.o
 .debug_line    0x000014d9      0xa22 src/system_stm32f0xx.o
 .debug_line    0x00001efb       0x79 startup/startup_stm32.o
 .debug_line    0x00001f74      0xb21 C:\Users\Craig\workspace\sensor_node\sensortime911_hal_lib\Debug\libsensortime911_hal_lib.a(stm32f0xx_hal.o)
 .debug_line    0x00002a95      0xf98 C:\Users\Craig\workspace\sensor_node\sensortime911_hal_lib\Debug\libsensortime911_hal_lib.a(stm32f0xx_hal_adc.o)
 .debug_line    0x00003a2d      0xbab C:\Users\Craig\workspace\sensor_node\sensortime911_hal_lib\Debug\libsensortime911_hal_lib.a(stm32f0xx_hal_cortex.o)
 .debug_line    0x000045d8      0xb4c C:\Users\Craig\workspace\sensor_node\sensortime911_hal_lib\Debug\libsensortime911_hal_lib.a(stm32f0xx_hal_gpio.o)
 .debug_line    0x00005124     0x1c19 C:\Users\Craig\workspace\sensor_node\sensortime911_hal_lib\Debug\libsensortime911_hal_lib.a(stm32f0xx_hal_tim.o)

.debug_str      0x00000000    0xa4810
 .debug_str     0x00000000    0xa303c src/main.o
                              0xa33d0 (size before relaxing)
 .debug_str     0x000a303c       0x38 src/stm32f0xx_it.o
                              0xa2b1d (size before relaxing)
 .debug_str     0x000a3074       0x86 src/system_stm32f0xx.o
                              0xa2be4 (size before relaxing)
 .debug_str     0x000a30fa      0x2ec C:\Users\Craig\workspace\sensor_node\sensortime911_hal_lib\Debug\libsensortime911_hal_lib.a(stm32f0xx_hal.o)
                              0xa3053 (size before relaxing)
 .debug_str     0x000a33e6      0x3a4 C:\Users\Craig\workspace\sensor_node\sensortime911_hal_lib\Debug\libsensortime911_hal_lib.a(stm32f0xx_hal_adc.o)
                              0xa3287 (size before relaxing)
 .debug_str     0x000a378a      0x1d4 C:\Users\Craig\workspace\sensor_node\sensortime911_hal_lib\Debug\libsensortime911_hal_lib.a(stm32f0xx_hal_cortex.o)
                              0xa2f69 (size before relaxing)
 .debug_str     0x000a395e      0x217 C:\Users\Craig\workspace\sensor_node\sensortime911_hal_lib\Debug\libsensortime911_hal_lib.a(stm32f0xx_hal_gpio.o)
                              0xa2e3d (size before relaxing)
 .debug_str     0x000a3b75      0xc9b C:\Users\Craig\workspace\sensor_node\sensortime911_hal_lib\Debug\libsensortime911_hal_lib.a(stm32f0xx_hal_tim.o)
                              0xa3c4a (size before relaxing)

.comment        0x00000000       0x6e
 .comment       0x00000000       0x6e src/main.o
                                 0x6f (size before relaxing)
 .comment       0x0000006e       0x6f src/stm32f0xx_it.o
 .comment       0x0000006e       0x6f src/system_stm32f0xx.o
 .comment       0x0000006e       0x6f C:\Users\Craig\workspace\sensor_node\sensortime911_hal_lib\Debug\libsensortime911_hal_lib.a(stm32f0xx_hal.o)
 .comment       0x0000006e       0x6f C:\Users\Craig\workspace\sensor_node\sensortime911_hal_lib\Debug\libsensortime911_hal_lib.a(stm32f0xx_hal_adc.o)
 .comment       0x0000006e       0x6f C:\Users\Craig\workspace\sensor_node\sensortime911_hal_lib\Debug\libsensortime911_hal_lib.a(stm32f0xx_hal_cortex.o)
 .comment       0x0000006e       0x6f C:\Users\Craig\workspace\sensor_node\sensortime911_hal_lib\Debug\libsensortime911_hal_lib.a(stm32f0xx_hal_gpio.o)
 .comment       0x0000006e       0x6f C:\Users\Craig\workspace\sensor_node\sensortime911_hal_lib\Debug\libsensortime911_hal_lib.a(stm32f0xx_hal_tim.o)

.debug_frame    0x00000000     0x1968
 .debug_frame   0x00000000      0x138 src/main.o
 .debug_frame   0x00000138       0x2c src/stm32f0xx_it.o
 .debug_frame   0x00000164       0x4c src/system_stm32f0xx.o
 .debug_frame   0x000001b0      0x1f4 C:\Users\Craig\workspace\sensor_node\sensortime911_hal_lib\Debug\libsensortime911_hal_lib.a(stm32f0xx_hal.o)
 .debug_frame   0x000003a4      0x390 C:\Users\Craig\workspace\sensor_node\sensortime911_hal_lib\Debug\libsensortime911_hal_lib.a(stm32f0xx_hal_adc.o)
 .debug_frame   0x00000734      0x2a4 C:\Users\Craig\workspace\sensor_node\sensortime911_hal_lib\Debug\libsensortime911_hal_lib.a(stm32f0xx_hal_cortex.o)
 .debug_frame   0x000009d8      0x110 C:\Users\Craig\workspace\sensor_node\sensortime911_hal_lib\Debug\libsensortime911_hal_lib.a(stm32f0xx_hal_gpio.o)
 .debug_frame   0x00000ae8      0xd50 C:\Users\Craig\workspace\sensor_node\sensortime911_hal_lib\Debug\libsensortime911_hal_lib.a(stm32f0xx_hal_tim.o)
 .debug_frame   0x00001838       0x20 c:/ac6/systemworkbench/plugins/fr.ac6.mcu.externaltools.arm-none.win32_1.13.2.201703061525/tools/compiler/bin/../lib/gcc/arm-none-eabi/5.4.1/armv6-m\libgcc.a(_udivsi3.o)
 .debug_frame   0x00001858       0x2c c:/ac6/systemworkbench/plugins/fr.ac6.mcu.externaltools.arm-none.win32_1.13.2.201703061525/tools/compiler/bin/../lib/gcc/arm-none-eabi/5.4.1/../../../../arm-none-eabi/lib/armv6-m\libc.a(lib_a-init.o)
 .debug_frame   0x00001884       0x54 c:/ac6/systemworkbench/plugins/fr.ac6.mcu.externaltools.arm-none.win32_1.13.2.201703061525/tools/compiler/bin/../lib/gcc/arm-none-eabi/5.4.1/../../../../arm-none-eabi/lib/armv6-m\libc.a(lib_a-__call_atexit.o)
 .debug_frame   0x000018d8       0x28 c:/ac6/systemworkbench/plugins/fr.ac6.mcu.externaltools.arm-none.win32_1.13.2.201703061525/tools/compiler/bin/../lib/gcc/arm-none-eabi/5.4.1/../../../../arm-none-eabi/lib/armv6-m\libc.a(lib_a-atexit.o)
 .debug_frame   0x00001900       0x2c c:/ac6/systemworkbench/plugins/fr.ac6.mcu.externaltools.arm-none.win32_1.13.2.201703061525/tools/compiler/bin/../lib/gcc/arm-none-eabi/5.4.1/../../../../arm-none-eabi/lib/armv6-m\libc.a(lib_a-fini.o)
 .debug_frame   0x0000192c       0x3c c:/ac6/systemworkbench/plugins/fr.ac6.mcu.externaltools.arm-none.win32_1.13.2.201703061525/tools/compiler/bin/../lib/gcc/arm-none-eabi/5.4.1/../../../../arm-none-eabi/lib/armv6-m\libc.a(lib_a-__atexit.o)
