Archive member included to satisfy reference by file (symbol)

C:\Users\Craig\workspace\sensor_node\sensortime911_hal_lib\Debug\libsensortime911_hal_lib.a(stm32f0xx_hal.o)
                              src/stm32f0xx_it.o (HAL_IncTick)
C:\Users\Craig\workspace\sensor_node\sensortime911_hal_lib\Debug\libsensortime911_hal_lib.a(stm32f0xx_hal_cortex.o)
                              C:\Users\Craig\workspace\sensor_node\sensortime911_hal_lib\Debug\libsensortime911_hal_lib.a(stm32f0xx_hal.o) (HAL_NVIC_SetPriority)
C:\Users\Craig\workspace\sensor_node\sensortime911_hal_lib\Debug\libsensortime911_hal_lib.a(stm32f0xx_hal_rcc.o)
                              C:\Users\Craig\workspace\sensor_node\sensortime911_hal_lib\Debug\libsensortime911_hal_lib.a(stm32f0xx_hal.o) (HAL_RCC_GetHCLKFreq)
C:\Users\Craig\workspace\sensor_node\sensortime911_hal_lib\Debug\libsensortime911_hal_lib.a(stm32f0xx_hal_tim.o)
                              src/main.o (HAL_TIM_Base_Init)
C:\Users\Craig\workspace\sensor_node\sensortime911_hal_lib\Debug\libsensortime911_hal_lib.a(stm32f0xx_hal_tim_ex.o)
                              C:\Users\Craig\workspace\sensor_node\sensortime911_hal_lib\Debug\libsensortime911_hal_lib.a(stm32f0xx_hal_tim.o) (TIMEx_DMACommutationCplt)
C:\Users\Craig\workspace\sensor_node\sensortime911_hal_lib\Debug\libsensortime911_hal_lib.a(stm32f0xx_hal_dma.o)
                              C:\Users\Craig\workspace\sensor_node\sensortime911_hal_lib\Debug\libsensortime911_hal_lib.a(stm32f0xx_hal_tim.o) (HAL_DMA_Start_IT)
C:\Users\Craig\workspace\sensor_node\sensortime911_hal_lib\Debug\libsensortime911_hal_lib.a(stm32f0xx_hal_gpio.o)
                              C:\Users\Craig\workspace\sensor_node\sensortime911_hal_lib\Debug\libsensortime911_hal_lib.a(stm32f0xx_hal_rcc.o) (HAL_GPIO_Init)
c:/ac6/systemworkbench/plugins/fr.ac6.mcu.externaltools.arm-none.win32_1.13.2.201703061525/tools/compiler/bin/../lib/gcc/arm-none-eabi/5.4.1/armv6-m\libgcc.a(_udivsi3.o)
                              src/system_stm32f0xx.o (__aeabi_uidiv)
c:/ac6/systemworkbench/plugins/fr.ac6.mcu.externaltools.arm-none.win32_1.13.2.201703061525/tools/compiler/bin/../lib/gcc/arm-none-eabi/5.4.1/armv6-m\libgcc.a(_dvmd_tls.o)
                              c:/ac6/systemworkbench/plugins/fr.ac6.mcu.externaltools.arm-none.win32_1.13.2.201703061525/tools/compiler/bin/../lib/gcc/arm-none-eabi/5.4.1/armv6-m\libgcc.a(_udivsi3.o) (__aeabi_idiv0)
c:/ac6/systemworkbench/plugins/fr.ac6.mcu.externaltools.arm-none.win32_1.13.2.201703061525/tools/compiler/bin/../lib/gcc/arm-none-eabi/5.4.1/../../../../arm-none-eabi/lib/armv6-m\libc.a(lib_a-errno.o)
                              src/syscalls.o (__errno)
c:/ac6/systemworkbench/plugins/fr.ac6.mcu.externaltools.arm-none.win32_1.13.2.201703061525/tools/compiler/bin/../lib/gcc/arm-none-eabi/5.4.1/../../../../arm-none-eabi/lib/armv6-m\libc.a(lib_a-exit.o)
                              c:/ac6/systemworkbench/plugins/fr.ac6.mcu.externaltools.arm-none.win32_1.13.2.201703061525/tools/compiler/bin/../lib/gcc/arm-none-eabi/5.4.1/../../../../arm-none-eabi/lib/armv6-m/crt0.o (exit)
c:/ac6/systemworkbench/plugins/fr.ac6.mcu.externaltools.arm-none.win32_1.13.2.201703061525/tools/compiler/bin/../lib/gcc/arm-none-eabi/5.4.1/../../../../arm-none-eabi/lib/armv6-m\libc.a(lib_a-impure.o)
                              c:/ac6/systemworkbench/plugins/fr.ac6.mcu.externaltools.arm-none.win32_1.13.2.201703061525/tools/compiler/bin/../lib/gcc/arm-none-eabi/5.4.1/../../../../arm-none-eabi/lib/armv6-m\libc.a(lib_a-exit.o) (_global_impure_ptr)
c:/ac6/systemworkbench/plugins/fr.ac6.mcu.externaltools.arm-none.win32_1.13.2.201703061525/tools/compiler/bin/../lib/gcc/arm-none-eabi/5.4.1/../../../../arm-none-eabi/lib/armv6-m\libc.a(lib_a-init.o)
                              c:/ac6/systemworkbench/plugins/fr.ac6.mcu.externaltools.arm-none.win32_1.13.2.201703061525/tools/compiler/bin/../lib/gcc/arm-none-eabi/5.4.1/../../../../arm-none-eabi/lib/armv6-m/crt0.o (__libc_init_array)
c:/ac6/systemworkbench/plugins/fr.ac6.mcu.externaltools.arm-none.win32_1.13.2.201703061525/tools/compiler/bin/../lib/gcc/arm-none-eabi/5.4.1/../../../../arm-none-eabi/lib/armv6-m\libc.a(lib_a-memcpy-stub.o)
                              C:\Users\Craig\workspace\sensor_node\sensortime911_hal_lib\Debug\libsensortime911_hal_lib.a(stm32f0xx_hal_rcc.o) (memcpy)
c:/ac6/systemworkbench/plugins/fr.ac6.mcu.externaltools.arm-none.win32_1.13.2.201703061525/tools/compiler/bin/../lib/gcc/arm-none-eabi/5.4.1/../../../../arm-none-eabi/lib/armv6-m\libc.a(lib_a-memset.o)
                              c:/ac6/systemworkbench/plugins/fr.ac6.mcu.externaltools.arm-none.win32_1.13.2.201703061525/tools/compiler/bin/../lib/gcc/arm-none-eabi/5.4.1/../../../../arm-none-eabi/lib/armv6-m/crt0.o (memset)
[...]
Memory Configuration

Name             Origin             Length             Attributes
RAM              0x20000000         0x00001800         xrw
ROM              0x08000000         0x00008000         xr
*default*        0x00000000         0xffffffff

Linker script and memory map

LOAD c:/ac6/systemworkbench/plugins/fr.ac6.mcu.externaltools.arm-none.win32_1.13.2.201703061525/tools/compiler/bin/../lib/gcc/arm-none-eabi/5.4.1/armv6-m/crti.o
LOAD c:/ac6/systemworkbench/plugins/fr.ac6.mcu.externaltools.arm-none.win32_1.13.2.201703061525/tools/compiler/bin/../lib/gcc/arm-none-eabi/5.4.1/armv6-m/crtbegin.o
LOAD c:/ac6/systemworkbench/plugins/fr.ac6.mcu.externaltools.arm-none.win32_1.13.2.201703061525/tools/compiler/bin/../lib/gcc/arm-none-eabi/5.4.1/../../../../arm-none-eabi/lib/armv6-m/crt0.o
LOAD c:/ac6/systemworkbench/plugins/fr.ac6.mcu.externaltools.arm-none.win32_1.13.2.201703061525/tools/compiler/bin/../lib/gcc/arm-none-eabi/5.4.1/../../../../arm-none-eabi/lib/armv6-m\libm.a
LOAD src/main.o
LOAD src/stm32f0xx_it.o
LOAD src/syscalls.o
LOAD src/system_stm32f0xx.o
LOAD startup/startup_stm32.o
LOAD C:\Users\Craig\workspace\sensor_node\sensortime911_hal_lib\Debug\libsensortime911_hal_lib.a
START GROUP
LOAD c:/ac6/systemworkbench/plugins/fr.ac6.mcu.externaltools.arm-none.win32_1.13.2.201703061525/tools/compiler/bin/../lib/gcc/arm-none-eabi/5.4.1/armv6-m\libgcc.a
LOAD c:/ac6/systemworkbench/plugins/fr.ac6.mcu.externaltools.arm-none.win32_1.13.2.201703061525/tools/compiler/bin/../lib/gcc/arm-none-eabi/5.4.1/../../../../arm-none-eabi/lib/armv6-m\libc.a
END GROUP
LOAD c:/ac6/systemworkbench/plugins/fr.ac6.mcu.externaltools.arm-none.win32_1.13.2.201703061525/tools/compiler/bin/../lib/gcc/arm-none-eabi/5.4.1/armv6-m/crtend.o
LOAD c:/ac6/systemworkbench/plugins/fr.ac6.mcu.externaltools.arm-none.win32_1.13.2.201703061525/tools/compiler/bin/../lib/gcc/arm-none-eabi/5.4.1/armv6-m/crtn.o
                0x20001800                _estack = 0x20001800
                0x00000000                _Min_Heap_Size = 0x0
                0x00000400                _Min_Stack_Size = 0x400

.isr_vector     0x08000000      0x188
                0x08000000                . = ALIGN (0x4)
 *(.isr_vector)
 .isr_vector    0x08000000      0x188 startup/startup_stm32.o
                0x08000000                g_pfnVectors
                0x08000188                . = ALIGN (0x4)

.text           0x08000188      0x86c
                0x08000188                . = ALIGN (0x4)
 *(.text)
 .text          0x08000188       0x60 c:/ac6/systemworkbench/plugins/fr.ac6.mcu.externaltools.arm-none.win32_1.13.2.201703061525/tools/compiler/bin/../lib/gcc/arm-none-eabi/5.4.1/armv6-m/crtbegin.o
 *(.text*)
 .text.main     0x080001e8       0x1c src/main.o
                0x080001e8                main
 .text.init_timer
                0x08000204       0xa4 src/main.o
 .text.TIM2_IRQHandler
                0x080002a8       0x18 src/main.o
                0x080002a8                TIM2_IRQHandler
 .text.SysTick_Handler
                0x080002c0       0x14 src/stm32f0xx_it.o
                0x080002c0                SysTick_Handler
 .text.SystemInit
                0x080002d4       0x88 src/system_stm32f0xx.o
                0x080002d4                SystemInit
 .text.Reset_Handler
                0x0800035c       0x48 startup/startup_stm32.o
                0x0800035c                Reset_Handler
 .text.Default_Handler
                0x080003a4        0x2 startup/startup_stm32.o
                0x080003a4                DebugMon_Handler
                0x080003a4                HardFault_Handler
                0x080003a4                PendSV_Handler
                0x080003a4                NMI_Handler
                0x080003a4                UsageFault_Handler
                0x080003a4                Default_Handler
                0x080003a4                MemManage_Handler
                0x080003a4                SVC_Handler
                0x080003a4                BusFault_Handler
 *fill*         0x080003a6        0x2 
 .text.HAL_IncTick
                0x080003a8       0x18 C:\Users\Craig\workspace\sensor_node\sensortime911_hal_lib\Debug\libsensortime911_hal_lib.a(stm32f0xx_hal.o)
                0x080003a8                HAL_IncTick
 .text.NVIC_EnableIRQ
                0x080003c0       0x2c C:\Users\Craig\workspace\sensor_node\sensortime911_hal_lib\Debug\libsensortime911_hal_lib.a(stm32f0xx_hal_cortex.o)
 .text.HAL_NVIC_EnableIRQ
                0x080003ec       0x20 C:\Users\Craig\workspace\sensor_node\sensortime911_hal_lib\Debug\libsensortime911_hal_lib.a(stm32f0xx_hal_cortex.o)
                0x080003ec                HAL_NVIC_EnableIRQ
 .text.HAL_SYSTICK_IRQHandler
                0x0800040c       0x10 C:\Users\Craig\workspace\sensor_node\sensortime911_hal_lib\Debug\libsensortime911_hal_lib.a(stm32f0xx_hal_cortex.o)
                0x0800040c                HAL_SYSTICK_IRQHandler
 .text.HAL_SYSTICK_Callback
                0x0800041c        0xc C:\Users\Craig\workspace\sensor_node\sensortime911_hal_lib\Debug\libsensortime911_hal_lib.a(stm32f0xx_hal_cortex.o)
                0x0800041c                HAL_SYSTICK_Callback
 .text.HAL_TIM_Base_Init
                0x08000428       0x58 C:\Users\Craig\workspace\sensor_node\sensortime911_hal_lib\Debug\libsensortime911_hal_lib.a(stm32f0xx_hal_tim.o)
                0x08000428                HAL_TIM_Base_Init
 .text.HAL_TIM_Base_MspInit
                0x08000480       0x10 C:\Users\Craig\workspace\sensor_node\sensortime911_hal_lib\Debug\libsensortime911_hal_lib.a(stm32f0xx_hal_tim.o)
                0x08000480                HAL_TIM_Base_MspInit
 .text.HAL_TIM_Base_Start
                0x08000490       0x34 C:\Users\Craig\workspace\sensor_node\sensortime911_hal_lib\Debug\libsensortime911_hal_lib.a(stm32f0xx_hal_tim.o)
                0x08000490                HAL_TIM_Base_Start
 .text.HAL_TIM_Base_Start_IT
                0x080004c4       0x34 C:\Users\Craig\workspace\sensor_node\sensortime911_hal_lib\Debug\libsensortime911_hal_lib.a(stm32f0xx_hal_tim.o)
                0x080004c4                HAL_TIM_Base_Start_IT
 .text.HAL_TIM_IRQHandler
                0x080004f8      0x20c C:\Users\Craig\workspace\sensor_node\sensortime911_hal_lib\Debug\libsensortime911_hal_lib.a(stm32f0xx_hal_tim.o)
                0x080004f8                HAL_TIM_IRQHandler
 .text.HAL_TIM_PeriodElapsedCallback
                0x08000704       0x10 C:\Users\Craig\workspace\sensor_node\sensortime911_hal_lib\Debug\libsensortime911_hal_lib.a(stm32f0xx_hal_tim.o)
                0x08000704                HAL_TIM_PeriodElapsedCallback
 .text.HAL_TIM_OC_DelayElapsedCallback
                0x08000714       0x10 C:\Users\Craig\workspace\sensor_node\sensortime911_hal_lib\Debug\libsensortime911_hal_lib.a(stm32f0xx_hal_tim.o)
                0x08000714                HAL_TIM_OC_DelayElapsedCallback
 .text.HAL_TIM_IC_CaptureCallback
                0x08000724       0x10 C:\Users\Craig\workspace\sensor_node\sensortime911_hal_lib\Debug\libsensortime911_hal_lib.a(stm32f0xx_hal_tim.o)
                0x08000724                HAL_TIM_IC_CaptureCallback
 .text.HAL_TIM_PWM_PulseFinishedCallback
                0x08000734       0x10 C:\Users\Craig\workspace\sensor_node\sensortime911_hal_lib\Debug\libsensortime911_hal_lib.a(stm32f0xx_hal_tim.o)
                0x08000734                HAL_TIM_PWM_PulseFinishedCallback
 .text.HAL_TIM_TriggerCallback
                0x08000744       0x10 C:\Users\Craig\workspace\sensor_node\sensortime911_hal_lib\Debug\libsensortime911_hal_lib.a(stm32f0xx_hal_tim.o)
                0x08000744                HAL_TIM_TriggerCallback
 .text.TIM_Base_SetConfig
                0x08000754       0xf0 C:\Users\Craig\workspace\sensor_node\sensortime911_hal_lib\Debug\libsensortime911_hal_lib.a(stm32f0xx_hal_tim.o)
                0x08000754                TIM_Base_SetConfig
 .text.HAL_TIMEx_CommutationCallback
                0x08000844       0x10 C:\Users\Craig\workspace\sensor_node\sensortime911_hal_lib\Debug\libsensortime911_hal_lib.a(stm32f0xx_hal_tim_ex.o)
                0x08000844                HAL_TIMEx_CommutationCallback
 .text.HAL_TIMEx_BreakCallback
                0x08000854       0x10 C:\Users\Craig\workspace\sensor_node\sensortime911_hal_lib\Debug\libsensortime911_hal_lib.a(stm32f0xx_hal_tim_ex.o)
                0x08000854                HAL_TIMEx_BreakCallback
 .text.__libc_init_array
                0x08000864       0x48 c:/ac6/systemworkbench/plugins/fr.ac6.mcu.externaltools.arm-none.win32_1.13.2.201703061525/tools/compiler/bin/../lib/gcc/arm-none-eabi/5.4.1/../../../../arm-none-eabi/lib/armv6-m\libc.a(lib_a-init.o)
                0x08000864                __libc_init_array
 .text.startup.register_fini
                0x080008ac       0x18 c:/ac6/systemworkbench/plugins/fr.ac6.mcu.externaltools.arm-none.win32_1.13.2.201703061525/tools/compiler/bin/../lib/gcc/arm-none-eabi/5.4.1/../../../../arm-none-eabi/lib/armv6-m\libc.a(lib_a-__call_atexit.o)
 .text.atexit   0x080008c4       0x10 c:/ac6/systemworkbench/plugins/fr.ac6.mcu.externaltools.arm-none.win32_1.13.2.201703061525/tools/compiler/bin/../lib/gcc/arm-none-eabi/5.4.1/../../../../arm-none-eabi/lib/armv6-m\libc.a(lib_a-atexit.o)
                0x080008c4                atexit
 .text.__libc_fini_array
                0x080008d4       0x34 c:/ac6/systemworkbench/plugins/fr.ac6.mcu.externaltools.arm-none.win32_1.13.2.201703061525/tools/compiler/bin/../lib/gcc/arm-none-eabi/5.4.1/../../../../arm-none-eabi/lib/armv6-m\libc.a(lib_a-fini.o)
                0x080008d4                __libc_fini_array
 .text.__register_exitproc
                0x08000908       0xd4 c:/ac6/systemworkbench/plugins/fr.ac6.mcu.externaltools.arm-none.win32_1.13.2.201703061525/tools/compiler/bin/../lib/gcc/arm-none-eabi/5.4.1/../../../../arm-none-eabi/lib/armv6-m\libc.a(lib_a-__atexit.o)
                0x08000908                __register_exitproc
 *(.glue_7)
 .glue_7        0x080009dc        0x0 linker stubs
 *(.glue_7t)
 .glue_7t       0x080009dc        0x0 linker stubs
 *(.eh_frame)
 .eh_frame      0x080009dc        0x0 c:/ac6/systemworkbench/plugins/fr.ac6.mcu.externaltools.arm-none.win32_1.13.2.201703061525/tools/compiler/bin/../lib/gcc/arm-none-eabi/5.4.1/armv6-m/crtbegin.o
 *(.init)
 .init          0x080009dc        0x4 c:/ac6/systemworkbench/plugins/fr.ac6.mcu.externaltools.arm-none.win32_1.13.2.201703061525/tools/compiler/bin/../lib/gcc/arm-none-eabi/5.4.1/armv6-m/crti.o
                0x080009dc                _init
 .init          0x080009e0        0x8 c:/ac6/systemworkbench/plugins/fr.ac6.mcu.externaltools.arm-none.win32_1.13.2.201703061525/tools/compiler/bin/../lib/gcc/arm-none-eabi/5.4.1/armv6-m/crtn.o
 *(.fini)
 .fini          0x080009e8        0x4 c:/ac6/systemworkbench/plugins/fr.ac6.mcu.externaltools.arm-none.win32_1.13.2.201703061525/tools/compiler/bin/../lib/gcc/arm-none-eabi/5.4.1/armv6-m/crti.o
                0x080009e8                _fini
 .fini          0x080009ec        0x8 c:/ac6/systemworkbench/plugins/fr.ac6.mcu.externaltools.arm-none.win32_1.13.2.201703061525/tools/compiler/bin/../lib/gcc/arm-none-eabi/5.4.1/armv6-m/crtn.o
                0x080009f4                . = ALIGN (0x4)
                0x080009f4                _etext = .

.vfp11_veneer   0x080009f4        0x0
 .vfp11_veneer  0x080009f4        0x0 linker stubs

.v4_bx          0x080009f4        0x0
 .v4_bx         0x080009f4        0x0 linker stubs

.iplt           0x080009f4        0x0
 .iplt          0x080009f4        0x0 c:/ac6/systemworkbench/plugins/fr.ac6.mcu.externaltools.arm-none.win32_1.13.2.201703061525/tools/compiler/bin/../lib/gcc/arm-none-eabi/5.4.1/armv6-m/crtbegin.o

.rodata         0x080009f4        0x4
                0x080009f4                . = ALIGN (0x4)
 *(.rodata)
 *(.rodata*)
 .rodata._global_impure_ptr
                0x080009f4        0x4 c:/ac6/systemworkbench/plugins/fr.ac6.mcu.externaltools.arm-none.win32_1.13.2.201703061525/tools/compiler/bin/../lib/gcc/arm-none-eabi/5.4.1/../../../../arm-none-eabi/lib/armv6-m\libc.a(lib_a-impure.o)
                0x080009f4                _global_impure_ptr
                0x080009f8                . = ALIGN (0x4)

.rel.dyn        0x080009f8        0x0
 .rel.iplt      0x080009f8        0x0 c:/ac6/systemworkbench/plugins/fr.ac6.mcu.externaltools.arm-none.win32_1.13.2.201703061525/tools/compiler/bin/../lib/gcc/arm-none-eabi/5.4.1/armv6-m/crtbegin.o

.ARM.extab      0x080009f8        0x0
                0x080009f8                . = ALIGN (0x4)
 *(.ARM.extab* .gnu.linkonce.armextab.*)
                0x080009f8                . = ALIGN (0x4)

.ARM            0x080009f8        0x0
                0x080009f8                . = ALIGN (0x4)
                0x080009f8                __exidx_start = .
 *(.ARM.exidx*)
                0x080009f8                __exidx_end = .
                0x080009f8                . = ALIGN (0x4)

.preinit_array  0x080009f8        0x0
                0x080009f8                . = ALIGN (0x4)
                0x080009f8                PROVIDE (__preinit_array_start, .)
 *(.preinit_array*)
                0x080009f8                PROVIDE (__preinit_array_end, .)
                0x080009f8                . = ALIGN (0x4)

.init_array     0x080009f8        0x8
                0x080009f8                . = ALIGN (0x4)
                0x080009f8                PROVIDE (__init_array_start, .)
 *(SORT(.init_array.*))
 .init_array.00000
                0x080009f8        0x4 c:/ac6/systemworkbench/plugins/fr.ac6.mcu.externaltools.arm-none.win32_1.13.2.201703061525/tools/compiler/bin/../lib/gcc/arm-none-eabi/5.4.1/../../../../arm-none-eabi/lib/armv6-m\libc.a(lib_a-__call_atexit.o)
 *(.init_array*)
 .init_array    0x080009fc        0x4 c:/ac6/systemworkbench/plugins/fr.ac6.mcu.externaltools.arm-none.win32_1.13.2.201703061525/tools/compiler/bin/../lib/gcc/arm-none-eabi/5.4.1/armv6-m/crtbegin.o
                0x08000a00                PROVIDE (__init_array_end, .)
                0x08000a00                . = ALIGN (0x4)

.fini_array     0x08000a00        0x4
                0x08000a00                . = ALIGN (0x4)
                0x08000a00                PROVIDE (__fini_array_start, .)
 *(SORT(.fini_array.*))
 *(.fini_array*)
 .fini_array    0x08000a00        0x4 c:/ac6/systemworkbench/plugins/fr.ac6.mcu.externaltools.arm-none.win32_1.13.2.201703061525/tools/compiler/bin/../lib/gcc/arm-none-eabi/5.4.1/armv6-m/crtbegin.o
                0x08000a04                PROVIDE (__fini_array_end, .)
                0x08000a04                . = ALIGN (0x4)
                0x08000a04                _sidata = LOADADDR (.data)

.data           0x20000000      0x428 load address 0x08000a04
                0x20000000                . = ALIGN (0x4)
                0x20000000                _sdata = .
 *(.data)
 *(.data*)
 .data.impure_data
                0x20000000      0x428 c:/ac6/systemworkbench/plugins/fr.ac6.mcu.externaltools.arm-none.win32_1.13.2.201703061525/tools/compiler/bin/../lib/gcc/arm-none-eabi/5.4.1/../../../../arm-none-eabi/lib/armv6-m\libc.a(lib_a-impure.o)
                0x20000428                . = ALIGN (0x4)
                0x20000428                _edata = .

.jcr            0x20000428        0x0 load address 0x08000e2c
 .jcr           0x20000428        0x0 c:/ac6/systemworkbench/plugins/fr.ac6.mcu.externaltools.arm-none.win32_1.13.2.201703061525/tools/compiler/bin/../lib/gcc/arm-none-eabi/5.4.1/armv6-m/crtbegin.o

.igot.plt       0x20000428        0x0 load address 0x08000e2c
 .igot.plt      0x20000428        0x0 c:/ac6/systemworkbench/plugins/fr.ac6.mcu.externaltools.arm-none.win32_1.13.2.201703061525/tools/compiler/bin/../lib/gcc/arm-none-eabi/5.4.1/armv6-m/crtbegin.o
                0x20000428                . = ALIGN (0x4)

.bss            0x20000428       0x64 load address 0x08000e2c
                0x20000428                _sbss = .
                0x20000428                __bss_start__ = _sbss
 *(.bss)
 .bss           0x20000428       0x1c c:/ac6/systemworkbench/plugins/fr.ac6.mcu.externaltools.arm-none.win32_1.13.2.201703061525/tools/compiler/bin/../lib/gcc/arm-none-eabi/5.4.1/armv6-m/crtbegin.o
 .bss           0x20000444       0x44 src/main.o
 *(.bss*)
 *(COMMON)
 COMMON         0x20000488        0x4 C:\Users\Craig\workspace\sensor_node\sensortime911_hal_lib\Debug\libsensortime911_hal_lib.a(stm32f0xx_hal.o)
                0x20000488                uwTick
                0x2000048c                . = ALIGN (0x4)
                0x2000048c                _ebss = .
                0x2000048c                __bss_end__ = _ebss

._user_heap_stack
                0x2000048c      0x404 load address 0x08000e2c
                0x20000490                . = ALIGN (0x8)
 *fill*         0x2000048c        0x4 
                0x20000490                PROVIDE (end, .)
                [!provide]                PROVIDE (_end, .)
                0x20000490                . = (. + _Min_Heap_Size)
                0x20000890                . = (. + _Min_Stack_Size)
 *fill*         0x20000490      0x400 
                0x20000890                . = ALIGN (0x8)

/DISCARD/
 libc.a(*)
 libm.a(*)
 libgcc.a(*)

.ARM.attributes
                0x00000000       0x28
 *(.ARM.attributes)
 .ARM.attributes
                0x00000000       0x1e c:/ac6/systemworkbench/plugins/fr.ac6.mcu.externaltools.arm-none.win32_1.13.2.201703061525/tools/compiler/bin/../lib/gcc/arm-none-eabi/5.4.1/armv6-m/crti.o
 .ARM.attributes
                0x0000001e       0x2c c:/ac6/systemworkbench/plugins/fr.ac6.mcu.externaltools.arm-none.win32_1.13.2.201703061525/tools/compiler/bin/../lib/gcc/arm-none-eabi/5.4.1/armv6-m/crtbegin.o
 .ARM.attributes
                0x0000004a       0x31 src/main.o
 .ARM.attributes
                0x0000007b       0x31 src/stm32f0xx_it.o
 .ARM.attributes
                0x000000ac       0x31 src/system_stm32f0xx.o
 .ARM.attributes
                0x000000dd       0x21 startup/startup_stm32.o
 .ARM.attributes
                0x000000fe       0x31 C:\Users\Craig\workspace\sensor_node\sensortime911_hal_lib\Debug\libsensortime911_hal_lib.a(stm32f0xx_hal.o)
 .ARM.attributes
                0x0000012f       0x31 C:\Users\Craig\workspace\sensor_node\sensortime911_hal_lib\Debug\libsensortime911_hal_lib.a(stm32f0xx_hal_cortex.o)
 .ARM.attributes
                0x00000160       0x31 C:\Users\Craig\workspace\sensor_node\sensortime911_hal_lib\Debug\libsensortime911_hal_lib.a(stm32f0xx_hal_tim.o)
 .ARM.attributes
                0x00000191       0x31 C:\Users\Craig\workspace\sensor_node\sensortime911_hal_lib\Debug\libsensortime911_hal_lib.a(stm32f0xx_hal_tim_ex.o)
 .ARM.attributes
                0x000001c2       0x2c c:/ac6/systemworkbench/plugins/fr.ac6.mcu.externaltools.arm-none.win32_1.13.2.201703061525/tools/compiler/bin/../lib/gcc/arm-none-eabi/5.4.1/../../../../arm-none-eabi/lib/armv6-m\libc.a(lib_a-impure.o)
 .ARM.attributes
                0x000001ee       0x2c c:/ac6/systemworkbench/plugins/fr.ac6.mcu.externaltools.arm-none.win32_1.13.2.201703061525/tools/compiler/bin/../lib/gcc/arm-none-eabi/5.4.1/../../../../arm-none-eabi/lib/armv6-m\libc.a(lib_a-init.o)
 .ARM.attributes
                0x0000021a       0x2c c:/ac6/systemworkbench/plugins/fr.ac6.mcu.externaltools.arm-none.win32_1.13.2.201703061525/tools/compiler/bin/../lib/gcc/arm-none-eabi/5.4.1/../../../../arm-none-eabi/lib/armv6-m\libc.a(lib_a-__call_atexit.o)
 .ARM.attributes
                0x00000246       0x2c c:/ac6/systemworkbench/plugins/fr.ac6.mcu.externaltools.arm-none.win32_1.13.2.201703061525/tools/compiler/bin/../lib/gcc/arm-none-eabi/5.4.1/../../../../arm-none-eabi/lib/armv6-m\libc.a(lib_a-atexit.o)
 .ARM.attributes
                0x00000272       0x2c c:/ac6/systemworkbench/plugins/fr.ac6.mcu.externaltools.arm-none.win32_1.13.2.201703061525/tools/compiler/bin/../lib/gcc/arm-none-eabi/5.4.1/../../../../arm-none-eabi/lib/armv6-m\libc.a(lib_a-fini.o)
 .ARM.attributes
                0x0000029e       0x2c c:/ac6/systemworkbench/plugins/fr.ac6.mcu.externaltools.arm-none.win32_1.13.2.201703061525/tools/compiler/bin/../lib/gcc/arm-none-eabi/5.4.1/../../../../arm-none-eabi/lib/armv6-m\libc.a(lib_a-__atexit.o)
 .ARM.attributes
                0x000002ca       0x1e c:/ac6/systemworkbench/plugins/fr.ac6.mcu.externaltools.arm-none.win32_1.13.2.201703061525/tools/compiler/bin/../lib/gcc/arm-none-eabi/5.4.1/armv6-m/crtn.o
OUTPUT(sensor_timer.elf elf32-littlearm)

.debug_info     0x00000000     0x4751
 .debug_info    0x00000000      0x7c2 src/main.o
 .debug_info    0x000007c2       0x96 src/stm32f0xx_it.o
 .debug_info    0x00000858      0x247 src/system_stm32f0xx.o
 .debug_info    0x00000a9f       0x77 startup/startup_stm32.o
 .debug_info    0x00000b16      0x518 C:\Users\Craig\workspace\sensor_node\sensortime911_hal_lib\Debug\libsensortime911_hal_lib.a(stm32f0xx_hal.o)
 .debug_info    0x0000102e      0x6c1 C:\Users\Craig\workspace\sensor_node\sensortime911_hal_lib\Debug\libsensortime911_hal_lib.a(stm32f0xx_hal_cortex.o)
 .debug_info    0x000016ef     0x213f C:\Users\Craig\workspace\sensor_node\sensortime911_hal_lib\Debug\libsensortime911_hal_lib.a(stm32f0xx_hal_tim.o)
 .debug_info    0x0000382e      0xf23 C:\Users\Craig\workspace\sensor_node\sensortime911_hal_lib\Debug\libsensortime911_hal_lib.a(stm32f0xx_hal_tim_ex.o)

.debug_abbrev   0x00000000      0xa71
 .debug_abbrev  0x00000000      0x179 src/main.o
 .debug_abbrev  0x00000179       0x45 src/stm32f0xx_it.o
 .debug_abbrev  0x000001be       0xf3 src/system_stm32f0xx.o
 .debug_abbrev  0x000002b1       0x12 startup/startup_stm32.o
 .debug_abbrev  0x000002c3      0x179 C:\Users\Craig\workspace\sensor_node\sensortime911_hal_lib\Debug\libsensortime911_hal_lib.a(stm32f0xx_hal.o)
 .debug_abbrev  0x0000043c      0x234 C:\Users\Craig\workspace\sensor_node\sensortime911_hal_lib\Debug\libsensortime911_hal_lib.a(stm32f0xx_hal_cortex.o)
 .debug_abbrev  0x00000670      0x212 C:\Users\Craig\workspace\sensor_node\sensortime911_hal_lib\Debug\libsensortime911_hal_lib.a(stm32f0xx_hal_tim.o)
 .debug_abbrev  0x00000882      0x1ef C:\Users\Craig\workspace\sensor_node\sensortime911_hal_lib\Debug\libsensortime911_hal_lib.a(stm32f0xx_hal_tim_ex.o)

.debug_aranges  0x00000000      0x6a8
 .debug_aranges
                0x00000000       0x30 src/main.o
 .debug_aranges
                0x00000030       0x20 src/stm32f0xx_it.o
 .debug_aranges
                0x00000050       0x28 src/system_stm32f0xx.o
 .debug_aranges
                0x00000078       0x28 startup/startup_stm32.o
 .debug_aranges
                0x000000a0       0xa0 C:\Users\Craig\workspace\sensor_node\sensortime911_hal_lib\Debug\libsensortime911_hal_lib.a(stm32f0xx_hal.o)
 .debug_aranges
                0x00000140       0xc0 C:\Users\Craig\workspace\sensor_node\sensortime911_hal_lib\Debug\libsensortime911_hal_lib.a(stm32f0xx_hal_cortex.o)
 .debug_aranges
                0x00000200      0x368 C:\Users\Craig\workspace\sensor_node\sensortime911_hal_lib\Debug\libsensortime911_hal_lib.a(stm32f0xx_hal_tim.o)
 .debug_aranges
                0x00000568      0x140 C:\Users\Craig\workspace\sensor_node\sensortime911_hal_lib\Debug\libsensortime911_hal_lib.a(stm32f0xx_hal_tim_ex.o)

.debug_ranges   0x00000000      0x630
 .debug_ranges  0x00000000       0x20 src/main.o
 .debug_ranges  0x00000020       0x10 src/stm32f0xx_it.o
 .debug_ranges  0x00000030       0x18 src/system_stm32f0xx.o
 .debug_ranges  0x00000048       0x20 startup/startup_stm32.o
 .debug_ranges  0x00000068       0x90 C:\Users\Craig\workspace\sensor_node\sensortime911_hal_lib\Debug\libsensortime911_hal_lib.a(stm32f0xx_hal.o)
 .debug_ranges  0x000000f8       0xb0 C:\Users\Craig\workspace\sensor_node\sensortime911_hal_lib\Debug\libsensortime911_hal_lib.a(stm32f0xx_hal_cortex.o)
 .debug_ranges  0x000001a8      0x358 C:\Users\Craig\workspace\sensor_node\sensortime911_hal_lib\Debug\libsensortime911_hal_lib.a(stm32f0xx_hal_tim.o)
 .debug_ranges  0x00000500      0x130 C:\Users\Craig\workspace\sensor_node\sensortime911_hal_lib\Debug\libsensortime911_hal_lib.a(stm32f0xx_hal_tim_ex.o)

.debug_macro    0x00000000    0x1b97a
 .debug_macro   0x00000000      0x41a src/main.o
 .debug_macro   0x0000041a      0x83e src/main.o
 .debug_macro   0x00000c58       0x28 src/main.o
 .debug_macro   0x00000c80       0x22 src/main.o
 .debug_macro   0x00000ca2       0x22 src/main.o
 .debug_macro   0x00000cc4       0x87 src/main.o
 .debug_macro   0x00000d4b       0x44 src/main.o
 .debug_macro   0x00000d8f       0xfd src/main.o
 .debug_macro   0x00000e8c       0x5e src/main.o
 .debug_macro   0x00000eea      0x1df src/main.o
 .debug_macro   0x000010c9       0x34 src/main.o
 .debug_macro   0x000010fd       0x26 src/main.o
 .debug_macro   0x00001123      0x30d src/main.o
 .debug_macro   0x00001430     0xf081 src/main.o
 .debug_macro   0x000104b1       0x3c src/main.o
 .debug_macro   0x000104ed      0x110 src/main.o
 .debug_macro   0x000105fd     0x3408 src/main.o
 .debug_macro   0x00013a05       0x52 src/main.o
 .debug_macro   0x00013a57       0x35 src/main.o
 .debug_macro   0x00013a8c       0x9c src/main.o
 .debug_macro   0x00013b28       0x16 src/main.o
 .debug_macro   0x00013b3e       0x97 src/main.o
 .debug_macro   0x00013bd5      0x30d src/main.o
 .debug_macro   0x00013ee2       0xfd src/main.o
 .debug_macro   0x00013fdf       0x10 src/main.o
 .debug_macro   0x00013fef       0x52 src/main.o
 .debug_macro   0x00014041       0x1f src/main.o
 .debug_macro   0x00014060       0x43 src/main.o
 .debug_macro   0x000140a3       0x20 src/main.o
 .debug_macro   0x000140c3      0x187 src/main.o
 .debug_macro   0x0001424a       0x10 src/main.o
 .debug_macro   0x0001425a       0x1c src/main.o
 .debug_macro   0x00014276       0x52 src/main.o
 .debug_macro   0x000142c8       0x40 src/main.o
 .debug_macro   0x00014308       0x10 src/main.o
 .debug_macro   0x00014318       0x40 src/main.o
 .debug_macro   0x00014358       0xd7 src/main.o
 .debug_macro   0x0001442f       0x16 src/main.o
 .debug_macro   0x00014445      0x18b src/main.o
 .debug_macro   0x000145d0       0x50 src/main.o
 .debug_macro   0x00014620      0x953 src/main.o
 .debug_macro   0x00014f73      0x46b src/main.o
 .debug_macro   0x000153de      0x13a src/main.o
 .debug_macro   0x00015518      0x130 src/main.o
 .debug_macro   0x00015648      0x1ed src/main.o
 .debug_macro   0x00015835       0x34 src/main.o
 .debug_macro   0x00015869       0x43 src/main.o
 .debug_macro   0x000158ac       0x29 src/main.o
 .debug_macro   0x000158d5      0x344 src/main.o
 .debug_macro   0x00015c19       0xd0 src/main.o
 .debug_macro   0x00015ce9      0x360 src/main.o
 .debug_macro   0x00016049      0x2e2 src/main.o
 .debug_macro   0x0001632b       0x81 src/main.o
 .debug_macro   0x000163ac       0x5a src/main.o
 .debug_macro   0x00016406       0x12 src/main.o
 .debug_macro   0x00016418       0xb6 src/main.o
 .debug_macro   0x000164ce      0x182 src/main.o
 .debug_macro   0x00016650      0x202 src/main.o
 .debug_macro   0x00016852       0x61 src/main.o
 .debug_macro   0x000168b3       0x90 src/main.o
 .debug_macro   0x00016943      0x1a0 src/main.o
 .debug_macro   0x00016ae3      0x264 src/main.o
 .debug_macro   0x00016d47       0x30 src/main.o
 .debug_macro   0x00016d77       0x87 src/main.o
 .debug_macro   0x00016dfe      0x265 src/main.o
 .debug_macro   0x00017063       0x4d src/main.o
 .debug_macro   0x000170b0      0x161 src/main.o
 .debug_macro   0x00017211      0x2e2 src/main.o
 .debug_macro   0x000174f3      0x2cd src/main.o
 .debug_macro   0x000177c0       0xdd src/main.o
 .debug_macro   0x0001789d      0x391 src/main.o
 .debug_macro   0x00017c2e       0x10 src/main.o
 .debug_macro   0x00017c3e      0x32c src/main.o
 .debug_macro   0x00017f6a      0x2e2 src/main.o
 .debug_macro   0x0001824c      0x837 src/main.o
 .debug_macro   0x00018a83       0x47 src/main.o
 .debug_macro   0x00018aca      0x46a src/main.o
 .debug_macro   0x00018f34      0x38a src/main.o
 .debug_macro   0x000192be      0x209 src/main.o
 .debug_macro   0x000194c7      0x1df src/main.o
 .debug_macro   0x000196a6       0x99 src/main.o
 .debug_macro   0x0001973f       0x89 src/main.o
 .debug_macro   0x000197c8      0x127 src/main.o
 .debug_macro   0x000198ef      0x410 src/stm32f0xx_it.o
 .debug_macro   0x00019cff      0x406 src/system_stm32f0xx.o
 .debug_macro   0x0001a105      0x42a C:\Users\Craig\workspace\sensor_node\sensortime911_hal_lib\Debug\libsensortime911_hal_lib.a(stm32f0xx_hal.o)
 .debug_macro   0x0001a52f      0x838 C:\Users\Craig\workspace\sensor_node\sensortime911_hal_lib\Debug\libsensortime911_hal_lib.a(stm32f0xx_hal.o)
 .debug_macro   0x0001ad67      0x406 C:\Users\Craig\workspace\sensor_node\sensortime911_hal_lib\Debug\libsensortime911_hal_lib.a(stm32f0xx_hal_cortex.o)
 .debug_macro   0x0001b16d      0x407 C:\Users\Craig\workspace\sensor_node\sensortime911_hal_lib\Debug\libsensortime911_hal_lib.a(stm32f0xx_hal_tim.o)
 .debug_macro   0x0001b574      0x406 C:\Users\Craig\workspace\sensor_node\sensortime911_hal_lib\Debug\libsensortime911_hal_lib.a(stm32f0xx_hal_tim_ex.o)

.debug_line     0x00000000     0x619e
 .debug_line    0x00000000      0xa14 src/main.o
 .debug_line    0x00000a14      0xa2a src/stm32f0xx_it.o
 .debug_line    0x0000143e      0xa22 src/system_stm32f0xx.o
 .debug_line    0x00001e60       0x79 startup/startup_stm32.o
 .debug_line    0x00001ed9      0xb21 C:\Users\Craig\workspace\sensor_node\sensortime911_hal_lib\Debug\libsensortime911_hal_lib.a(stm32f0xx_hal.o)
 .debug_line    0x000029fa      0xbab C:\Users\Craig\workspace\sensor_node\sensortime911_hal_lib\Debug\libsensortime911_hal_lib.a(stm32f0xx_hal_cortex.o)
 .debug_line    0x000035a5     0x1c19 C:\Users\Craig\workspace\sensor_node\sensortime911_hal_lib\Debug\libsensortime911_hal_lib.a(stm32f0xx_hal_tim.o)
 .debug_line    0x000051be      0xfe0 C:\Users\Craig\workspace\sensor_node\sensortime911_hal_lib\Debug\libsensortime911_hal_lib.a(stm32f0xx_hal_tim_ex.o)

.debug_str      0x00000000    0xa4586
 .debug_str     0x00000000    0xa2df6 src/main.o
                              0xa3160 (size before relaxing)
 .debug_str     0x000a2df6       0x38 src/stm32f0xx_it.o
                              0xa2b1e (size before relaxing)
 .debug_str     0x000a2e2e       0x86 src/system_stm32f0xx.o
                              0xa2be5 (size before relaxing)
 .debug_str     0x000a2eb4      0x2ec C:\Users\Craig\workspace\sensor_node\sensortime911_hal_lib\Debug\libsensortime911_hal_lib.a(stm32f0xx_hal.o)
                              0xa3053 (size before relaxing)
 .debug_str     0x000a31a0      0x1f2 C:\Users\Craig\workspace\sensor_node\sensortime911_hal_lib\Debug\libsensortime911_hal_lib.a(stm32f0xx_hal_cortex.o)
                              0xa2f69 (size before relaxing)
 .debug_str     0x000a3392      0xcdc C:\Users\Craig\workspace\sensor_node\sensortime911_hal_lib\Debug\libsensortime911_hal_lib.a(stm32f0xx_hal_tim.o)
                              0xa3c4a (size before relaxing)
 .debug_str     0x000a406e      0x518 C:\Users\Craig\workspace\sensor_node\sensortime911_hal_lib\Debug\libsensortime911_hal_lib.a(stm32f0xx_hal_tim_ex.o)
                              0xa3503 (size before relaxing)

.comment        0x00000000       0x6e
 .comment       0x00000000       0x6e src/main.o
                                 0x6f (size before relaxing)
 .comment       0x0000006e       0x6f src/stm32f0xx_it.o
 .comment       0x0000006e       0x6f src/system_stm32f0xx.o
 .comment       0x0000006e       0x6f C:\Users\Craig\workspace\sensor_node\sensortime911_hal_lib\Debug\libsensortime911_hal_lib.a(stm32f0xx_hal.o)
 .comment       0x0000006e       0x6f C:\Users\Craig\workspace\sensor_node\sensortime911_hal_lib\Debug\libsensortime911_hal_lib.a(stm32f0xx_hal_cortex.o)
 .comment       0x0000006e       0x6f C:\Users\Craig\workspace\sensor_node\sensortime911_hal_lib\Debug\libsensortime911_hal_lib.a(stm32f0xx_hal_tim.o)
 .comment       0x0000006e       0x6f C:\Users\Craig\workspace\sensor_node\sensortime911_hal_lib\Debug\libsensortime911_hal_lib.a(stm32f0xx_hal_tim_ex.o)

.debug_frame    0x00000000     0x1888
 .debug_frame   0x00000000       0x68 src/main.o
 .debug_frame   0x00000068       0x2c src/stm32f0xx_it.o
 .debug_frame   0x00000094       0x4c src/system_stm32f0xx.o
 .debug_frame   0x000000e0      0x1f4 C:\Users\Craig\workspace\sensor_node\sensortime911_hal_lib\Debug\libsensortime911_hal_lib.a(stm32f0xx_hal.o)
 .debug_frame   0x000002d4      0x2a4 C:\Users\Craig\workspace\sensor_node\sensortime911_hal_lib\Debug\libsensortime911_hal_lib.a(stm32f0xx_hal_cortex.o)
 .debug_frame   0x00000578      0xd50 C:\Users\Craig\workspace\sensor_node\sensortime911_hal_lib\Debug\libsensortime911_hal_lib.a(stm32f0xx_hal_tim.o)
 .debug_frame   0x000012c8      0x4b0 C:\Users\Craig\workspace\sensor_node\sensortime911_hal_lib\Debug\libsensortime911_hal_lib.a(stm32f0xx_hal_tim_ex.o)
 .debug_frame   0x00001778       0x2c c:/ac6/systemworkbench/plugins/fr.ac6.mcu.externaltools.arm-none.win32_1.13.2.201703061525/tools/compiler/bin/../lib/gcc/arm-none-eabi/5.4.1/../../../../arm-none-eabi/lib/armv6-m\libc.a(lib_a-init.o)
 .debug_frame   0x000017a4       0x54 c:/ac6/systemworkbench/plugins/fr.ac6.mcu.externaltools.arm-none.win32_1.13.2.201703061525/tools/compiler/bin/../lib/gcc/arm-none-eabi/5.4.1/../../../../arm-none-eabi/lib/armv6-m\libc.a(lib_a-__call_atexit.o)
 .debug_frame   0x000017f8       0x28 c:/ac6/systemworkbench/plugins/fr.ac6.mcu.externaltools.arm-none.win32_1.13.2.201703061525/tools/compiler/bin/../lib/gcc/arm-none-eabi/5.4.1/../../../../arm-none-eabi/lib/armv6-m\libc.a(lib_a-atexit.o)
 .debug_frame   0x00001820       0x2c c:/ac6/systemworkbench/plugins/fr.ac6.mcu.externaltools.arm-none.win32_1.13.2.201703061525/tools/compiler/bin/../lib/gcc/arm-none-eabi/5.4.1/../../../../arm-none-eabi/lib/armv6-m\libc.a(lib_a-fini.o)
 .debug_frame   0x0000184c       0x3c c:/ac6/systemworkbench/plugins/fr.ac6.mcu.externaltools.arm-none.win32_1.13.2.201703061525/tools/compiler/bin/../lib/gcc/arm-none-eabi/5.4.1/../../../../arm-none-eabi/lib/armv6-m\libc.a(lib_a-__atexit.o)
